

================================================================
== Vivado HLS Report for 'dense_array_ap_fixed_24u_array_ap_fixed_16_6_5_3_0_42u_config15_s'
================================================================
* Date:           Thu Apr  4 20:04:48 2024

* Version:        2019.2 (Build 2704478 on Wed Nov 06 22:10:23 MST 2019)
* Project:        myproject_prj
* Solution:       solution1
* Product family: zynquplus
* Target device:  xczu5ev-sfvc784-2LV-e


================================================================
== Performance Estimates
================================================================
+ Timing: 
    * Summary: 
    +--------+---------+----------+------------+
    |  Clock |  Target | Estimated| Uncertainty|
    +--------+---------+----------+------------+
    |ap_clk  | 5.00 ns | 4.155 ns |   0.62 ns  |
    +--------+---------+----------+------------+

+ Latency: 
    * Summary: 
    +---------+---------+-----------+-----------+-----+-----+---------+
    |  Latency (cycles) |   Latency (absolute)  |  Interval | Pipeline|
    |   min   |   max   |    min    |    max    | min | max |   Type  |
    +---------+---------+-----------+-----------+-----+-----+---------+
    |        8|        8| 40.000 ns | 40.000 ns |    8|    8|   none  |
    +---------+---------+-----------+-----------+-----+-----+---------+

    + Detail: 
        * Instance: 
        +------------------------------------------------------------------------------+------------------------------------------------------------------+---------+---------+-----------+-----------+-----+-----+----------+
        |                                                                              |                                                                  |  Latency (cycles) |   Latency (absolute)  |  Interval | Pipeline |
        |                                   Instance                                   |                              Module                              |   min   |   max   |    min    |    max    | min | max |   Type   |
        +------------------------------------------------------------------------------+------------------------------------------------------------------+---------+---------+-----------+-----------+-----+-----+----------+
        |grp_dense_wrapper_ap_fixed_16_6_5_3_0_ap_fixed_16_6_5_3_0_config15_s_fu_1601  |dense_wrapper_ap_fixed_16_6_5_3_0_ap_fixed_16_6_5_3_0_config15_s  |        2|        2| 10.000 ns | 10.000 ns |    3|    3| function |
        +------------------------------------------------------------------------------+------------------------------------------------------------------+---------+---------+-----------+-----------+-----+-----+----------+

        * Loop: 
        +---------------+---------+---------+----------+-----------+-----------+------+----------+
        |               |  Latency (cycles) | Iteration|  Initiation Interval  | Trip |          |
        |   Loop Name   |   min   |   max   |  Latency |  achieved |   target  | Count| Pipelined|
        +---------------+---------+---------+----------+-----------+-----------+------+----------+
        |- DataPrepare  |        4|        4|         2|          1|          1|     4|    yes   |
        +---------------+---------+---------+----------+-----------+-----------+------+----------+



================================================================
== Utilization Estimates
================================================================
* Summary: 
+-----------------+---------+-------+--------+--------+-----+
|       Name      | BRAM_18K| DSP48E|   FF   |   LUT  | URAM|
+-----------------+---------+-------+--------+--------+-----+
|DSP              |        -|      -|       -|       -|    -|
|Expression       |        -|      -|       0|      96|    -|
|FIFO             |        -|      -|       -|       -|    -|
|Instance         |        -|      4|    4562|   53447|    -|
|Memory           |        -|      -|       -|       -|    -|
|Multiplexer      |        -|      -|       -|     669|    -|
|Register         |        -|      -|    1581|       -|    -|
+-----------------+---------+-------+--------+--------+-----+
|Total            |        0|      4|    6143|   54212|    0|
+-----------------+---------+-------+--------+--------+-----+
|Available        |      288|   1248|  234240|  117120|   64|
+-----------------+---------+-------+--------+--------+-----+
|Utilization (%)  |        0|   ~0  |       2|      46|    0|
+-----------------+---------+-------+--------+--------+-----+

+ Detail: 
    * Instance: 
    +------------------------------------------------------------------------------+------------------------------------------------------------------+---------+-------+------+-------+-----+
    |                                   Instance                                   |                              Module                              | BRAM_18K| DSP48E|  FF  |  LUT  | URAM|
    +------------------------------------------------------------------------------+------------------------------------------------------------------+---------+-------+------+-------+-----+
    |grp_dense_wrapper_ap_fixed_16_6_5_3_0_ap_fixed_16_6_5_3_0_config15_s_fu_1601  |dense_wrapper_ap_fixed_16_6_5_3_0_ap_fixed_16_6_5_3_0_config15_s  |        0|      4|  4562|  53447|    0|
    +------------------------------------------------------------------------------+------------------------------------------------------------------+---------+-------+------+-------+-----+
    |Total                                                                         |                                                                  |        0|      4|  4562|  53447|    0|
    +------------------------------------------------------------------------------+------------------------------------------------------------------+---------+-------+------+-------+-----+

    * DSP48E: 
    N/A

    * Memory: 
    N/A

    * FIFO: 
    N/A

    * Expression: 
    +---------------------------+----------+-------+---+----+------------+------------+
    |       Variable Name       | Operation| DSP48E| FF| LUT| Bitwidth P0| Bitwidth P1|
    +---------------------------+----------+-------+---+----+------------+------------+
    |i_in_fu_1707_p2            |     +    |      0|  0|  11|           3|           1|
    |sub_ln203_fu_1737_p2       |     -    |      0|  0|  15|           7|           7|
    |ap_block_pp0_stage0_11001  |    and   |      0|  0|   2|           1|           1|
    |io_acc_block_signal_op216  |    and   |      0|  0|   2|           1|           1|
    |io_acc_block_signal_op575  |    and   |      0|  0|   2|           1|           1|
    |icmp_ln36_fu_1701_p2       |   icmp   |      0|  0|   9|           3|           4|
    |ap_block_state1            |    or    |      0|  0|   2|           1|           1|
    |or_ln203_1_fu_1749_p2      |    or    |      0|  0|   7|           7|           2|
    |or_ln203_2_fu_1755_p2      |    or    |      0|  0|   7|           7|           2|
    |or_ln203_3_fu_1761_p2      |    or    |      0|  0|   7|           7|           3|
    |or_ln203_4_fu_1767_p2      |    or    |      0|  0|   7|           7|           3|
    |or_ln203_5_fu_1773_p2      |    or    |      0|  0|   7|           7|           3|
    |or_ln203_6_fu_1779_p2      |    or    |      0|  0|   7|           7|           3|
    |or_ln203_fu_1743_p2        |    or    |      0|  0|   7|           7|           1|
    |ap_enable_pp0              |    xor   |      0|  0|   2|           1|           2|
    |ap_enable_reg_pp0_iter1    |    xor   |      0|  0|   2|           2|           1|
    +---------------------------+----------+-------+---+----+------------+------------+
    |Total                      |          |      0|  0|  96|          69|          36|
    +---------------------------+----------+-------+---+----+------------+------------+

    * Multiplexer: 
    +-------------------------------+----+-----------+-----+-----------+
    |              Name             | LUT| Input Size| Bits| Total Bits|
    +-------------------------------+----+-----------+-----+-----------+
    |ap_NS_fsm                      |  33|          6|    1|          6|
    |ap_done                        |   9|          2|    1|          2|
    |ap_enable_reg_pp0_iter1        |  15|          3|    1|          3|
    |data_stream_V_data_0_V_blk_n   |   9|          2|    1|          2|
    |data_stream_V_data_10_V_blk_n  |   9|          2|    1|          2|
    |data_stream_V_data_11_V_blk_n  |   9|          2|    1|          2|
    |data_stream_V_data_12_V_blk_n  |   9|          2|    1|          2|
    |data_stream_V_data_13_V_blk_n  |   9|          2|    1|          2|
    |data_stream_V_data_14_V_blk_n  |   9|          2|    1|          2|
    |data_stream_V_data_15_V_blk_n  |   9|          2|    1|          2|
    |data_stream_V_data_16_V_blk_n  |   9|          2|    1|          2|
    |data_stream_V_data_17_V_blk_n  |   9|          2|    1|          2|
    |data_stream_V_data_18_V_blk_n  |   9|          2|    1|          2|
    |data_stream_V_data_19_V_blk_n  |   9|          2|    1|          2|
    |data_stream_V_data_1_V_blk_n   |   9|          2|    1|          2|
    |data_stream_V_data_20_V_blk_n  |   9|          2|    1|          2|
    |data_stream_V_data_21_V_blk_n  |   9|          2|    1|          2|
    |data_stream_V_data_22_V_blk_n  |   9|          2|    1|          2|
    |data_stream_V_data_23_V_blk_n  |   9|          2|    1|          2|
    |data_stream_V_data_2_V_blk_n   |   9|          2|    1|          2|
    |data_stream_V_data_3_V_blk_n   |   9|          2|    1|          2|
    |data_stream_V_data_4_V_blk_n   |   9|          2|    1|          2|
    |data_stream_V_data_5_V_blk_n   |   9|          2|    1|          2|
    |data_stream_V_data_6_V_blk_n   |   9|          2|    1|          2|
    |data_stream_V_data_7_V_blk_n   |   9|          2|    1|          2|
    |data_stream_V_data_8_V_blk_n   |   9|          2|    1|          2|
    |data_stream_V_data_9_V_blk_n   |   9|          2|    1|          2|
    |i_in_0_reg_1590                |   9|          2|    3|          6|
    |real_start                     |   9|          2|    1|          2|
    |res_stream_V_data_0_V_blk_n    |   9|          2|    1|          2|
    |res_stream_V_data_10_V_blk_n   |   9|          2|    1|          2|
    |res_stream_V_data_11_V_blk_n   |   9|          2|    1|          2|
    |res_stream_V_data_12_V_blk_n   |   9|          2|    1|          2|
    |res_stream_V_data_13_V_blk_n   |   9|          2|    1|          2|
    |res_stream_V_data_14_V_blk_n   |   9|          2|    1|          2|
    |res_stream_V_data_15_V_blk_n   |   9|          2|    1|          2|
    |res_stream_V_data_16_V_blk_n   |   9|          2|    1|          2|
    |res_stream_V_data_17_V_blk_n   |   9|          2|    1|          2|
    |res_stream_V_data_18_V_blk_n   |   9|          2|    1|          2|
    |res_stream_V_data_19_V_blk_n   |   9|          2|    1|          2|
    |res_stream_V_data_1_V_blk_n    |   9|          2|    1|          2|
    |res_stream_V_data_20_V_blk_n   |   9|          2|    1|          2|
    |res_stream_V_data_21_V_blk_n   |   9|          2|    1|          2|
    |res_stream_V_data_22_V_blk_n   |   9|          2|    1|          2|
    |res_stream_V_data_23_V_blk_n   |   9|          2|    1|          2|
    |res_stream_V_data_24_V_blk_n   |   9|          2|    1|          2|
    |res_stream_V_data_25_V_blk_n   |   9|          2|    1|          2|
    |res_stream_V_data_26_V_blk_n   |   9|          2|    1|          2|
    |res_stream_V_data_27_V_blk_n   |   9|          2|    1|          2|
    |res_stream_V_data_28_V_blk_n   |   9|          2|    1|          2|
    |res_stream_V_data_29_V_blk_n   |   9|          2|    1|          2|
    |res_stream_V_data_2_V_blk_n    |   9|          2|    1|          2|
    |res_stream_V_data_30_V_blk_n   |   9|          2|    1|          2|
    |res_stream_V_data_31_V_blk_n   |   9|          2|    1|          2|
    |res_stream_V_data_32_V_blk_n   |   9|          2|    1|          2|
    |res_stream_V_data_33_V_blk_n   |   9|          2|    1|          2|
    |res_stream_V_data_34_V_blk_n   |   9|          2|    1|          2|
    |res_stream_V_data_35_V_blk_n   |   9|          2|    1|          2|
    |res_stream_V_data_36_V_blk_n   |   9|          2|    1|          2|
    |res_stream_V_data_37_V_blk_n   |   9|          2|    1|          2|
    |res_stream_V_data_38_V_blk_n   |   9|          2|    1|          2|
    |res_stream_V_data_39_V_blk_n   |   9|          2|    1|          2|
    |res_stream_V_data_3_V_blk_n    |   9|          2|    1|          2|
    |res_stream_V_data_40_V_blk_n   |   9|          2|    1|          2|
    |res_stream_V_data_41_V_blk_n   |   9|          2|    1|          2|
    |res_stream_V_data_4_V_blk_n    |   9|          2|    1|          2|
    |res_stream_V_data_5_V_blk_n    |   9|          2|    1|          2|
    |res_stream_V_data_6_V_blk_n    |   9|          2|    1|          2|
    |res_stream_V_data_7_V_blk_n    |   9|          2|    1|          2|
    |res_stream_V_data_8_V_blk_n    |   9|          2|    1|          2|
    |res_stream_V_data_9_V_blk_n    |   9|          2|    1|          2|
    +-------------------------------+----+-----------+-----+-----------+
    |Total                          | 669|        147|   73|        151|
    +-------------------------------+----+-----------+-----+-----------+

    * Register: 
    +-------------------------------------------------------------------------------------------+----+----+-----+-----------+
    |                                            Name                                           | FF | LUT| Bits| Const Bits|
    +-------------------------------------------------------------------------------------------+----+----+-----+-----------+
    |ap_CS_fsm                                                                                  |   5|   0|    5|          0|
    |ap_done_reg                                                                                |   1|   0|    1|          0|
    |ap_enable_reg_pp0_iter0                                                                    |   1|   0|    1|          0|
    |ap_enable_reg_pp0_iter1                                                                    |   1|   0|    1|          0|
    |data_72_V_1_fu_1120                                                                        |  16|   0|   16|          0|
    |data_72_V_2_fu_1216                                                                        |  16|   0|   16|          0|
    |data_72_V_3_fu_1312                                                                        |  16|   0|   16|          0|
    |data_72_V_fu_1024                                                                          |  16|   0|   16|          0|
    |data_73_V_1_fu_1124                                                                        |  16|   0|   16|          0|
    |data_73_V_2_fu_1220                                                                        |  16|   0|   16|          0|
    |data_73_V_3_fu_1316                                                                        |  16|   0|   16|          0|
    |data_73_V_fu_1028                                                                          |  16|   0|   16|          0|
    |data_74_V_1_fu_1128                                                                        |  16|   0|   16|          0|
    |data_74_V_2_fu_1224                                                                        |  16|   0|   16|          0|
    |data_74_V_3_fu_1320                                                                        |  16|   0|   16|          0|
    |data_74_V_fu_1032                                                                          |  16|   0|   16|          0|
    |data_75_V_1_fu_1132                                                                        |  16|   0|   16|          0|
    |data_75_V_2_fu_1228                                                                        |  16|   0|   16|          0|
    |data_75_V_3_fu_1324                                                                        |  16|   0|   16|          0|
    |data_75_V_fu_1036                                                                          |  16|   0|   16|          0|
    |data_76_V_1_fu_1136                                                                        |  16|   0|   16|          0|
    |data_76_V_2_fu_1232                                                                        |  16|   0|   16|          0|
    |data_76_V_3_fu_1328                                                                        |  16|   0|   16|          0|
    |data_76_V_fu_1040                                                                          |  16|   0|   16|          0|
    |data_77_V_1_fu_1140                                                                        |  16|   0|   16|          0|
    |data_77_V_2_fu_1236                                                                        |  16|   0|   16|          0|
    |data_77_V_3_fu_1332                                                                        |  16|   0|   16|          0|
    |data_77_V_fu_1044                                                                          |  16|   0|   16|          0|
    |data_78_V_1_fu_1144                                                                        |  16|   0|   16|          0|
    |data_78_V_2_fu_1240                                                                        |  16|   0|   16|          0|
    |data_78_V_3_fu_1336                                                                        |  16|   0|   16|          0|
    |data_78_V_fu_1048                                                                          |  16|   0|   16|          0|
    |data_79_V_1_fu_1148                                                                        |  16|   0|   16|          0|
    |data_79_V_2_fu_1244                                                                        |  16|   0|   16|          0|
    |data_79_V_3_fu_1340                                                                        |  16|   0|   16|          0|
    |data_79_V_fu_1052                                                                          |  16|   0|   16|          0|
    |data_80_V_1_fu_1152                                                                        |  16|   0|   16|          0|
    |data_80_V_2_fu_1248                                                                        |  16|   0|   16|          0|
    |data_80_V_3_fu_1344                                                                        |  16|   0|   16|          0|
    |data_80_V_fu_1056                                                                          |  16|   0|   16|          0|
    |data_81_V_1_fu_1156                                                                        |  16|   0|   16|          0|
    |data_81_V_2_fu_1252                                                                        |  16|   0|   16|          0|
    |data_81_V_3_fu_1348                                                                        |  16|   0|   16|          0|
    |data_81_V_fu_1060                                                                          |  16|   0|   16|          0|
    |data_82_V_1_fu_1160                                                                        |  16|   0|   16|          0|
    |data_82_V_2_fu_1256                                                                        |  16|   0|   16|          0|
    |data_82_V_3_fu_1352                                                                        |  16|   0|   16|          0|
    |data_82_V_fu_1064                                                                          |  16|   0|   16|          0|
    |data_83_V_1_fu_1164                                                                        |  16|   0|   16|          0|
    |data_83_V_2_fu_1260                                                                        |  16|   0|   16|          0|
    |data_83_V_3_fu_1356                                                                        |  16|   0|   16|          0|
    |data_83_V_fu_1068                                                                          |  16|   0|   16|          0|
    |data_84_V_1_fu_1168                                                                        |  16|   0|   16|          0|
    |data_84_V_2_fu_1264                                                                        |  16|   0|   16|          0|
    |data_84_V_3_fu_1360                                                                        |  16|   0|   16|          0|
    |data_84_V_fu_1072                                                                          |  16|   0|   16|          0|
    |data_85_V_1_fu_1172                                                                        |  16|   0|   16|          0|
    |data_85_V_2_fu_1268                                                                        |  16|   0|   16|          0|
    |data_85_V_3_fu_1364                                                                        |  16|   0|   16|          0|
    |data_85_V_fu_1076                                                                          |  16|   0|   16|          0|
    |data_86_V_1_fu_1176                                                                        |  16|   0|   16|          0|
    |data_86_V_2_fu_1272                                                                        |  16|   0|   16|          0|
    |data_86_V_3_fu_1368                                                                        |  16|   0|   16|          0|
    |data_86_V_fu_1080                                                                          |  16|   0|   16|          0|
    |data_87_V_1_fu_1180                                                                        |  16|   0|   16|          0|
    |data_87_V_2_fu_1276                                                                        |  16|   0|   16|          0|
    |data_87_V_3_fu_1372                                                                        |  16|   0|   16|          0|
    |data_87_V_fu_1084                                                                          |  16|   0|   16|          0|
    |data_88_V_1_fu_1184                                                                        |  16|   0|   16|          0|
    |data_88_V_2_fu_1280                                                                        |  16|   0|   16|          0|
    |data_88_V_3_fu_1376                                                                        |  16|   0|   16|          0|
    |data_88_V_fu_1088                                                                          |  16|   0|   16|          0|
    |data_89_V_1_fu_1188                                                                        |  16|   0|   16|          0|
    |data_89_V_2_fu_1284                                                                        |  16|   0|   16|          0|
    |data_89_V_3_fu_1380                                                                        |  16|   0|   16|          0|
    |data_89_V_fu_1092                                                                          |  16|   0|   16|          0|
    |data_90_V_1_fu_1192                                                                        |  16|   0|   16|          0|
    |data_90_V_2_fu_1288                                                                        |  16|   0|   16|          0|
    |data_90_V_3_fu_1384                                                                        |  16|   0|   16|          0|
    |data_90_V_fu_1096                                                                          |  16|   0|   16|          0|
    |data_91_V_1_fu_1196                                                                        |  16|   0|   16|          0|
    |data_91_V_2_fu_1292                                                                        |  16|   0|   16|          0|
    |data_91_V_3_fu_1388                                                                        |  16|   0|   16|          0|
    |data_91_V_fu_1100                                                                          |  16|   0|   16|          0|
    |data_92_V_1_fu_1200                                                                        |  16|   0|   16|          0|
    |data_92_V_2_fu_1296                                                                        |  16|   0|   16|          0|
    |data_92_V_3_fu_1392                                                                        |  16|   0|   16|          0|
    |data_92_V_fu_1104                                                                          |  16|   0|   16|          0|
    |data_93_V_1_fu_1204                                                                        |  16|   0|   16|          0|
    |data_93_V_2_fu_1300                                                                        |  16|   0|   16|          0|
    |data_93_V_3_fu_1396                                                                        |  16|   0|   16|          0|
    |data_93_V_fu_1108                                                                          |  16|   0|   16|          0|
    |data_94_V_1_fu_1208                                                                        |  16|   0|   16|          0|
    |data_94_V_2_fu_1304                                                                        |  16|   0|   16|          0|
    |data_94_V_3_fu_1400                                                                        |  16|   0|   16|          0|
    |data_94_V_fu_1112                                                                          |  16|   0|   16|          0|
    |data_95_V_1_fu_1212                                                                        |  16|   0|   16|          0|
    |data_95_V_2_fu_1308                                                                        |  16|   0|   16|          0|
    |data_95_V_3_fu_1404                                                                        |  16|   0|   16|          0|
    |data_95_V_fu_1116                                                                          |  16|   0|   16|          0|
    |grp_dense_wrapper_ap_fixed_16_6_5_3_0_ap_fixed_16_6_5_3_0_config15_s_fu_1601_ap_start_reg  |   1|   0|    1|          0|
    |i_in_0_reg_1590                                                                            |   3|   0|    3|          0|
    |or_ln203_1_reg_3548                                                                        |   4|   0|    7|          3|
    |or_ln203_2_reg_3552                                                                        |   4|   0|    7|          3|
    |or_ln203_3_reg_3556                                                                        |   4|   0|    7|          3|
    |or_ln203_4_reg_3560                                                                        |   4|   0|    7|          3|
    |or_ln203_5_reg_3564                                                                        |   4|   0|    7|          3|
    |or_ln203_6_reg_3568                                                                        |   4|   0|    7|          3|
    |or_ln203_reg_3544                                                                          |   4|   0|    7|          3|
    |start_once_reg                                                                             |   1|   0|    1|          0|
    |sub_ln203_reg_3540                                                                         |   4|   0|    7|          3|
    +-------------------------------------------------------------------------------------------+----+----+-----+-----------+
    |Total                                                                                      |1581|   0| 1605|         24|
    +-------------------------------------------------------------------------------------------+----+----+-----+-----------+



================================================================
== Interface
================================================================
* Summary: 
+---------------------------------+-----+-----+------------+---------------------------------------------------------------------+--------------+
|            RTL Ports            | Dir | Bits|  Protocol  |                            Source Object                            |    C Type    |
+---------------------------------+-----+-----+------------+---------------------------------------------------------------------+--------------+
|ap_clk                           |  in |    1| ap_ctrl_hs | dense<array<ap_fixed,24u>,array<ap_fixed<16,6,5,3,0>,42u>,config15> | return value |
|ap_rst                           |  in |    1| ap_ctrl_hs | dense<array<ap_fixed,24u>,array<ap_fixed<16,6,5,3,0>,42u>,config15> | return value |
|ap_start                         |  in |    1| ap_ctrl_hs | dense<array<ap_fixed,24u>,array<ap_fixed<16,6,5,3,0>,42u>,config15> | return value |
|start_full_n                     |  in |    1| ap_ctrl_hs | dense<array<ap_fixed,24u>,array<ap_fixed<16,6,5,3,0>,42u>,config15> | return value |
|ap_done                          | out |    1| ap_ctrl_hs | dense<array<ap_fixed,24u>,array<ap_fixed<16,6,5,3,0>,42u>,config15> | return value |
|ap_continue                      |  in |    1| ap_ctrl_hs | dense<array<ap_fixed,24u>,array<ap_fixed<16,6,5,3,0>,42u>,config15> | return value |
|ap_idle                          | out |    1| ap_ctrl_hs | dense<array<ap_fixed,24u>,array<ap_fixed<16,6,5,3,0>,42u>,config15> | return value |
|ap_ready                         | out |    1| ap_ctrl_hs | dense<array<ap_fixed,24u>,array<ap_fixed<16,6,5,3,0>,42u>,config15> | return value |
|start_out                        | out |    1| ap_ctrl_hs | dense<array<ap_fixed,24u>,array<ap_fixed<16,6,5,3,0>,42u>,config15> | return value |
|start_write                      | out |    1| ap_ctrl_hs | dense<array<ap_fixed,24u>,array<ap_fixed<16,6,5,3,0>,42u>,config15> | return value |
|data_stream_V_data_0_V_dout      |  in |   16|   ap_fifo  |                        data_stream_V_data_0_V                       |    pointer   |
|data_stream_V_data_0_V_empty_n   |  in |    1|   ap_fifo  |                        data_stream_V_data_0_V                       |    pointer   |
|data_stream_V_data_0_V_read      | out |    1|   ap_fifo  |                        data_stream_V_data_0_V                       |    pointer   |
|data_stream_V_data_1_V_dout      |  in |   16|   ap_fifo  |                        data_stream_V_data_1_V                       |    pointer   |
|data_stream_V_data_1_V_empty_n   |  in |    1|   ap_fifo  |                        data_stream_V_data_1_V                       |    pointer   |
|data_stream_V_data_1_V_read      | out |    1|   ap_fifo  |                        data_stream_V_data_1_V                       |    pointer   |
|data_stream_V_data_2_V_dout      |  in |   16|   ap_fifo  |                        data_stream_V_data_2_V                       |    pointer   |
|data_stream_V_data_2_V_empty_n   |  in |    1|   ap_fifo  |                        data_stream_V_data_2_V                       |    pointer   |
|data_stream_V_data_2_V_read      | out |    1|   ap_fifo  |                        data_stream_V_data_2_V                       |    pointer   |
|data_stream_V_data_3_V_dout      |  in |   16|   ap_fifo  |                        data_stream_V_data_3_V                       |    pointer   |
|data_stream_V_data_3_V_empty_n   |  in |    1|   ap_fifo  |                        data_stream_V_data_3_V                       |    pointer   |
|data_stream_V_data_3_V_read      | out |    1|   ap_fifo  |                        data_stream_V_data_3_V                       |    pointer   |
|data_stream_V_data_4_V_dout      |  in |   16|   ap_fifo  |                        data_stream_V_data_4_V                       |    pointer   |
|data_stream_V_data_4_V_empty_n   |  in |    1|   ap_fifo  |                        data_stream_V_data_4_V                       |    pointer   |
|data_stream_V_data_4_V_read      | out |    1|   ap_fifo  |                        data_stream_V_data_4_V                       |    pointer   |
|data_stream_V_data_5_V_dout      |  in |   16|   ap_fifo  |                        data_stream_V_data_5_V                       |    pointer   |
|data_stream_V_data_5_V_empty_n   |  in |    1|   ap_fifo  |                        data_stream_V_data_5_V                       |    pointer   |
|data_stream_V_data_5_V_read      | out |    1|   ap_fifo  |                        data_stream_V_data_5_V                       |    pointer   |
|data_stream_V_data_6_V_dout      |  in |   16|   ap_fifo  |                        data_stream_V_data_6_V                       |    pointer   |
|data_stream_V_data_6_V_empty_n   |  in |    1|   ap_fifo  |                        data_stream_V_data_6_V                       |    pointer   |
|data_stream_V_data_6_V_read      | out |    1|   ap_fifo  |                        data_stream_V_data_6_V                       |    pointer   |
|data_stream_V_data_7_V_dout      |  in |   16|   ap_fifo  |                        data_stream_V_data_7_V                       |    pointer   |
|data_stream_V_data_7_V_empty_n   |  in |    1|   ap_fifo  |                        data_stream_V_data_7_V                       |    pointer   |
|data_stream_V_data_7_V_read      | out |    1|   ap_fifo  |                        data_stream_V_data_7_V                       |    pointer   |
|data_stream_V_data_8_V_dout      |  in |   16|   ap_fifo  |                        data_stream_V_data_8_V                       |    pointer   |
|data_stream_V_data_8_V_empty_n   |  in |    1|   ap_fifo  |                        data_stream_V_data_8_V                       |    pointer   |
|data_stream_V_data_8_V_read      | out |    1|   ap_fifo  |                        data_stream_V_data_8_V                       |    pointer   |
|data_stream_V_data_9_V_dout      |  in |   16|   ap_fifo  |                        data_stream_V_data_9_V                       |    pointer   |
|data_stream_V_data_9_V_empty_n   |  in |    1|   ap_fifo  |                        data_stream_V_data_9_V                       |    pointer   |
|data_stream_V_data_9_V_read      | out |    1|   ap_fifo  |                        data_stream_V_data_9_V                       |    pointer   |
|data_stream_V_data_10_V_dout     |  in |   16|   ap_fifo  |                       data_stream_V_data_10_V                       |    pointer   |
|data_stream_V_data_10_V_empty_n  |  in |    1|   ap_fifo  |                       data_stream_V_data_10_V                       |    pointer   |
|data_stream_V_data_10_V_read     | out |    1|   ap_fifo  |                       data_stream_V_data_10_V                       |    pointer   |
|data_stream_V_data_11_V_dout     |  in |   16|   ap_fifo  |                       data_stream_V_data_11_V                       |    pointer   |
|data_stream_V_data_11_V_empty_n  |  in |    1|   ap_fifo  |                       data_stream_V_data_11_V                       |    pointer   |
|data_stream_V_data_11_V_read     | out |    1|   ap_fifo  |                       data_stream_V_data_11_V                       |    pointer   |
|data_stream_V_data_12_V_dout     |  in |   16|   ap_fifo  |                       data_stream_V_data_12_V                       |    pointer   |
|data_stream_V_data_12_V_empty_n  |  in |    1|   ap_fifo  |                       data_stream_V_data_12_V                       |    pointer   |
|data_stream_V_data_12_V_read     | out |    1|   ap_fifo  |                       data_stream_V_data_12_V                       |    pointer   |
|data_stream_V_data_13_V_dout     |  in |   16|   ap_fifo  |                       data_stream_V_data_13_V                       |    pointer   |
|data_stream_V_data_13_V_empty_n  |  in |    1|   ap_fifo  |                       data_stream_V_data_13_V                       |    pointer   |
|data_stream_V_data_13_V_read     | out |    1|   ap_fifo  |                       data_stream_V_data_13_V                       |    pointer   |
|data_stream_V_data_14_V_dout     |  in |   16|   ap_fifo  |                       data_stream_V_data_14_V                       |    pointer   |
|data_stream_V_data_14_V_empty_n  |  in |    1|   ap_fifo  |                       data_stream_V_data_14_V                       |    pointer   |
|data_stream_V_data_14_V_read     | out |    1|   ap_fifo  |                       data_stream_V_data_14_V                       |    pointer   |
|data_stream_V_data_15_V_dout     |  in |   16|   ap_fifo  |                       data_stream_V_data_15_V                       |    pointer   |
|data_stream_V_data_15_V_empty_n  |  in |    1|   ap_fifo  |                       data_stream_V_data_15_V                       |    pointer   |
|data_stream_V_data_15_V_read     | out |    1|   ap_fifo  |                       data_stream_V_data_15_V                       |    pointer   |
|data_stream_V_data_16_V_dout     |  in |   16|   ap_fifo  |                       data_stream_V_data_16_V                       |    pointer   |
|data_stream_V_data_16_V_empty_n  |  in |    1|   ap_fifo  |                       data_stream_V_data_16_V                       |    pointer   |
|data_stream_V_data_16_V_read     | out |    1|   ap_fifo  |                       data_stream_V_data_16_V                       |    pointer   |
|data_stream_V_data_17_V_dout     |  in |   16|   ap_fifo  |                       data_stream_V_data_17_V                       |    pointer   |
|data_stream_V_data_17_V_empty_n  |  in |    1|   ap_fifo  |                       data_stream_V_data_17_V                       |    pointer   |
|data_stream_V_data_17_V_read     | out |    1|   ap_fifo  |                       data_stream_V_data_17_V                       |    pointer   |
|data_stream_V_data_18_V_dout     |  in |   16|   ap_fifo  |                       data_stream_V_data_18_V                       |    pointer   |
|data_stream_V_data_18_V_empty_n  |  in |    1|   ap_fifo  |                       data_stream_V_data_18_V                       |    pointer   |
|data_stream_V_data_18_V_read     | out |    1|   ap_fifo  |                       data_stream_V_data_18_V                       |    pointer   |
|data_stream_V_data_19_V_dout     |  in |   16|   ap_fifo  |                       data_stream_V_data_19_V                       |    pointer   |
|data_stream_V_data_19_V_empty_n  |  in |    1|   ap_fifo  |                       data_stream_V_data_19_V                       |    pointer   |
|data_stream_V_data_19_V_read     | out |    1|   ap_fifo  |                       data_stream_V_data_19_V                       |    pointer   |
|data_stream_V_data_20_V_dout     |  in |   16|   ap_fifo  |                       data_stream_V_data_20_V                       |    pointer   |
|data_stream_V_data_20_V_empty_n  |  in |    1|   ap_fifo  |                       data_stream_V_data_20_V                       |    pointer   |
|data_stream_V_data_20_V_read     | out |    1|   ap_fifo  |                       data_stream_V_data_20_V                       |    pointer   |
|data_stream_V_data_21_V_dout     |  in |   16|   ap_fifo  |                       data_stream_V_data_21_V                       |    pointer   |
|data_stream_V_data_21_V_empty_n  |  in |    1|   ap_fifo  |                       data_stream_V_data_21_V                       |    pointer   |
|data_stream_V_data_21_V_read     | out |    1|   ap_fifo  |                       data_stream_V_data_21_V                       |    pointer   |
|data_stream_V_data_22_V_dout     |  in |   16|   ap_fifo  |                       data_stream_V_data_22_V                       |    pointer   |
|data_stream_V_data_22_V_empty_n  |  in |    1|   ap_fifo  |                       data_stream_V_data_22_V                       |    pointer   |
|data_stream_V_data_22_V_read     | out |    1|   ap_fifo  |                       data_stream_V_data_22_V                       |    pointer   |
|data_stream_V_data_23_V_dout     |  in |   16|   ap_fifo  |                       data_stream_V_data_23_V                       |    pointer   |
|data_stream_V_data_23_V_empty_n  |  in |    1|   ap_fifo  |                       data_stream_V_data_23_V                       |    pointer   |
|data_stream_V_data_23_V_read     | out |    1|   ap_fifo  |                       data_stream_V_data_23_V                       |    pointer   |
|res_stream_V_data_0_V_din        | out |   16|   ap_fifo  |                        res_stream_V_data_0_V                        |    pointer   |
|res_stream_V_data_0_V_full_n     |  in |    1|   ap_fifo  |                        res_stream_V_data_0_V                        |    pointer   |
|res_stream_V_data_0_V_write      | out |    1|   ap_fifo  |                        res_stream_V_data_0_V                        |    pointer   |
|res_stream_V_data_1_V_din        | out |   16|   ap_fifo  |                        res_stream_V_data_1_V                        |    pointer   |
|res_stream_V_data_1_V_full_n     |  in |    1|   ap_fifo  |                        res_stream_V_data_1_V                        |    pointer   |
|res_stream_V_data_1_V_write      | out |    1|   ap_fifo  |                        res_stream_V_data_1_V                        |    pointer   |
|res_stream_V_data_2_V_din        | out |   16|   ap_fifo  |                        res_stream_V_data_2_V                        |    pointer   |
|res_stream_V_data_2_V_full_n     |  in |    1|   ap_fifo  |                        res_stream_V_data_2_V                        |    pointer   |
|res_stream_V_data_2_V_write      | out |    1|   ap_fifo  |                        res_stream_V_data_2_V                        |    pointer   |
|res_stream_V_data_3_V_din        | out |   16|   ap_fifo  |                        res_stream_V_data_3_V                        |    pointer   |
|res_stream_V_data_3_V_full_n     |  in |    1|   ap_fifo  |                        res_stream_V_data_3_V                        |    pointer   |
|res_stream_V_data_3_V_write      | out |    1|   ap_fifo  |                        res_stream_V_data_3_V                        |    pointer   |
|res_stream_V_data_4_V_din        | out |   16|   ap_fifo  |                        res_stream_V_data_4_V                        |    pointer   |
|res_stream_V_data_4_V_full_n     |  in |    1|   ap_fifo  |                        res_stream_V_data_4_V                        |    pointer   |
|res_stream_V_data_4_V_write      | out |    1|   ap_fifo  |                        res_stream_V_data_4_V                        |    pointer   |
|res_stream_V_data_5_V_din        | out |   16|   ap_fifo  |                        res_stream_V_data_5_V                        |    pointer   |
|res_stream_V_data_5_V_full_n     |  in |    1|   ap_fifo  |                        res_stream_V_data_5_V                        |    pointer   |
|res_stream_V_data_5_V_write      | out |    1|   ap_fifo  |                        res_stream_V_data_5_V                        |    pointer   |
|res_stream_V_data_6_V_din        | out |   16|   ap_fifo  |                        res_stream_V_data_6_V                        |    pointer   |
|res_stream_V_data_6_V_full_n     |  in |    1|   ap_fifo  |                        res_stream_V_data_6_V                        |    pointer   |
|res_stream_V_data_6_V_write      | out |    1|   ap_fifo  |                        res_stream_V_data_6_V                        |    pointer   |
|res_stream_V_data_7_V_din        | out |   16|   ap_fifo  |                        res_stream_V_data_7_V                        |    pointer   |
|res_stream_V_data_7_V_full_n     |  in |    1|   ap_fifo  |                        res_stream_V_data_7_V                        |    pointer   |
|res_stream_V_data_7_V_write      | out |    1|   ap_fifo  |                        res_stream_V_data_7_V                        |    pointer   |
|res_stream_V_data_8_V_din        | out |   16|   ap_fifo  |                        res_stream_V_data_8_V                        |    pointer   |
|res_stream_V_data_8_V_full_n     |  in |    1|   ap_fifo  |                        res_stream_V_data_8_V                        |    pointer   |
|res_stream_V_data_8_V_write      | out |    1|   ap_fifo  |                        res_stream_V_data_8_V                        |    pointer   |
|res_stream_V_data_9_V_din        | out |   16|   ap_fifo  |                        res_stream_V_data_9_V                        |    pointer   |
|res_stream_V_data_9_V_full_n     |  in |    1|   ap_fifo  |                        res_stream_V_data_9_V                        |    pointer   |
|res_stream_V_data_9_V_write      | out |    1|   ap_fifo  |                        res_stream_V_data_9_V                        |    pointer   |
|res_stream_V_data_10_V_din       | out |   16|   ap_fifo  |                        res_stream_V_data_10_V                       |    pointer   |
|res_stream_V_data_10_V_full_n    |  in |    1|   ap_fifo  |                        res_stream_V_data_10_V                       |    pointer   |
|res_stream_V_data_10_V_write     | out |    1|   ap_fifo  |                        res_stream_V_data_10_V                       |    pointer   |
|res_stream_V_data_11_V_din       | out |   16|   ap_fifo  |                        res_stream_V_data_11_V                       |    pointer   |
|res_stream_V_data_11_V_full_n    |  in |    1|   ap_fifo  |                        res_stream_V_data_11_V                       |    pointer   |
|res_stream_V_data_11_V_write     | out |    1|   ap_fifo  |                        res_stream_V_data_11_V                       |    pointer   |
|res_stream_V_data_12_V_din       | out |   16|   ap_fifo  |                        res_stream_V_data_12_V                       |    pointer   |
|res_stream_V_data_12_V_full_n    |  in |    1|   ap_fifo  |                        res_stream_V_data_12_V                       |    pointer   |
|res_stream_V_data_12_V_write     | out |    1|   ap_fifo  |                        res_stream_V_data_12_V                       |    pointer   |
|res_stream_V_data_13_V_din       | out |   16|   ap_fifo  |                        res_stream_V_data_13_V                       |    pointer   |
|res_stream_V_data_13_V_full_n    |  in |    1|   ap_fifo  |                        res_stream_V_data_13_V                       |    pointer   |
|res_stream_V_data_13_V_write     | out |    1|   ap_fifo  |                        res_stream_V_data_13_V                       |    pointer   |
|res_stream_V_data_14_V_din       | out |   16|   ap_fifo  |                        res_stream_V_data_14_V                       |    pointer   |
|res_stream_V_data_14_V_full_n    |  in |    1|   ap_fifo  |                        res_stream_V_data_14_V                       |    pointer   |
|res_stream_V_data_14_V_write     | out |    1|   ap_fifo  |                        res_stream_V_data_14_V                       |    pointer   |
|res_stream_V_data_15_V_din       | out |   16|   ap_fifo  |                        res_stream_V_data_15_V                       |    pointer   |
|res_stream_V_data_15_V_full_n    |  in |    1|   ap_fifo  |                        res_stream_V_data_15_V                       |    pointer   |
|res_stream_V_data_15_V_write     | out |    1|   ap_fifo  |                        res_stream_V_data_15_V                       |    pointer   |
|res_stream_V_data_16_V_din       | out |   16|   ap_fifo  |                        res_stream_V_data_16_V                       |    pointer   |
|res_stream_V_data_16_V_full_n    |  in |    1|   ap_fifo  |                        res_stream_V_data_16_V                       |    pointer   |
|res_stream_V_data_16_V_write     | out |    1|   ap_fifo  |                        res_stream_V_data_16_V                       |    pointer   |
|res_stream_V_data_17_V_din       | out |   16|   ap_fifo  |                        res_stream_V_data_17_V                       |    pointer   |
|res_stream_V_data_17_V_full_n    |  in |    1|   ap_fifo  |                        res_stream_V_data_17_V                       |    pointer   |
|res_stream_V_data_17_V_write     | out |    1|   ap_fifo  |                        res_stream_V_data_17_V                       |    pointer   |
|res_stream_V_data_18_V_din       | out |   16|   ap_fifo  |                        res_stream_V_data_18_V                       |    pointer   |
|res_stream_V_data_18_V_full_n    |  in |    1|   ap_fifo  |                        res_stream_V_data_18_V                       |    pointer   |
|res_stream_V_data_18_V_write     | out |    1|   ap_fifo  |                        res_stream_V_data_18_V                       |    pointer   |
|res_stream_V_data_19_V_din       | out |   16|   ap_fifo  |                        res_stream_V_data_19_V                       |    pointer   |
|res_stream_V_data_19_V_full_n    |  in |    1|   ap_fifo  |                        res_stream_V_data_19_V                       |    pointer   |
|res_stream_V_data_19_V_write     | out |    1|   ap_fifo  |                        res_stream_V_data_19_V                       |    pointer   |
|res_stream_V_data_20_V_din       | out |   16|   ap_fifo  |                        res_stream_V_data_20_V                       |    pointer   |
|res_stream_V_data_20_V_full_n    |  in |    1|   ap_fifo  |                        res_stream_V_data_20_V                       |    pointer   |
|res_stream_V_data_20_V_write     | out |    1|   ap_fifo  |                        res_stream_V_data_20_V                       |    pointer   |
|res_stream_V_data_21_V_din       | out |   16|   ap_fifo  |                        res_stream_V_data_21_V                       |    pointer   |
|res_stream_V_data_21_V_full_n    |  in |    1|   ap_fifo  |                        res_stream_V_data_21_V                       |    pointer   |
|res_stream_V_data_21_V_write     | out |    1|   ap_fifo  |                        res_stream_V_data_21_V                       |    pointer   |
|res_stream_V_data_22_V_din       | out |   16|   ap_fifo  |                        res_stream_V_data_22_V                       |    pointer   |
|res_stream_V_data_22_V_full_n    |  in |    1|   ap_fifo  |                        res_stream_V_data_22_V                       |    pointer   |
|res_stream_V_data_22_V_write     | out |    1|   ap_fifo  |                        res_stream_V_data_22_V                       |    pointer   |
|res_stream_V_data_23_V_din       | out |   16|   ap_fifo  |                        res_stream_V_data_23_V                       |    pointer   |
|res_stream_V_data_23_V_full_n    |  in |    1|   ap_fifo  |                        res_stream_V_data_23_V                       |    pointer   |
|res_stream_V_data_23_V_write     | out |    1|   ap_fifo  |                        res_stream_V_data_23_V                       |    pointer   |
|res_stream_V_data_24_V_din       | out |   16|   ap_fifo  |                        res_stream_V_data_24_V                       |    pointer   |
|res_stream_V_data_24_V_full_n    |  in |    1|   ap_fifo  |                        res_stream_V_data_24_V                       |    pointer   |
|res_stream_V_data_24_V_write     | out |    1|   ap_fifo  |                        res_stream_V_data_24_V                       |    pointer   |
|res_stream_V_data_25_V_din       | out |   16|   ap_fifo  |                        res_stream_V_data_25_V                       |    pointer   |
|res_stream_V_data_25_V_full_n    |  in |    1|   ap_fifo  |                        res_stream_V_data_25_V                       |    pointer   |
|res_stream_V_data_25_V_write     | out |    1|   ap_fifo  |                        res_stream_V_data_25_V                       |    pointer   |
|res_stream_V_data_26_V_din       | out |   16|   ap_fifo  |                        res_stream_V_data_26_V                       |    pointer   |
|res_stream_V_data_26_V_full_n    |  in |    1|   ap_fifo  |                        res_stream_V_data_26_V                       |    pointer   |
|res_stream_V_data_26_V_write     | out |    1|   ap_fifo  |                        res_stream_V_data_26_V                       |    pointer   |
|res_stream_V_data_27_V_din       | out |   16|   ap_fifo  |                        res_stream_V_data_27_V                       |    pointer   |
|res_stream_V_data_27_V_full_n    |  in |    1|   ap_fifo  |                        res_stream_V_data_27_V                       |    pointer   |
|res_stream_V_data_27_V_write     | out |    1|   ap_fifo  |                        res_stream_V_data_27_V                       |    pointer   |
|res_stream_V_data_28_V_din       | out |   16|   ap_fifo  |                        res_stream_V_data_28_V                       |    pointer   |
|res_stream_V_data_28_V_full_n    |  in |    1|   ap_fifo  |                        res_stream_V_data_28_V                       |    pointer   |
|res_stream_V_data_28_V_write     | out |    1|   ap_fifo  |                        res_stream_V_data_28_V                       |    pointer   |
|res_stream_V_data_29_V_din       | out |   16|   ap_fifo  |                        res_stream_V_data_29_V                       |    pointer   |
|res_stream_V_data_29_V_full_n    |  in |    1|   ap_fifo  |                        res_stream_V_data_29_V                       |    pointer   |
|res_stream_V_data_29_V_write     | out |    1|   ap_fifo  |                        res_stream_V_data_29_V                       |    pointer   |
|res_stream_V_data_30_V_din       | out |   16|   ap_fifo  |                        res_stream_V_data_30_V                       |    pointer   |
|res_stream_V_data_30_V_full_n    |  in |    1|   ap_fifo  |                        res_stream_V_data_30_V                       |    pointer   |
|res_stream_V_data_30_V_write     | out |    1|   ap_fifo  |                        res_stream_V_data_30_V                       |    pointer   |
|res_stream_V_data_31_V_din       | out |   16|   ap_fifo  |                        res_stream_V_data_31_V                       |    pointer   |
|res_stream_V_data_31_V_full_n    |  in |    1|   ap_fifo  |                        res_stream_V_data_31_V                       |    pointer   |
|res_stream_V_data_31_V_write     | out |    1|   ap_fifo  |                        res_stream_V_data_31_V                       |    pointer   |
|res_stream_V_data_32_V_din       | out |   16|   ap_fifo  |                        res_stream_V_data_32_V                       |    pointer   |
|res_stream_V_data_32_V_full_n    |  in |    1|   ap_fifo  |                        res_stream_V_data_32_V                       |    pointer   |
|res_stream_V_data_32_V_write     | out |    1|   ap_fifo  |                        res_stream_V_data_32_V                       |    pointer   |
|res_stream_V_data_33_V_din       | out |   16|   ap_fifo  |                        res_stream_V_data_33_V                       |    pointer   |
|res_stream_V_data_33_V_full_n    |  in |    1|   ap_fifo  |                        res_stream_V_data_33_V                       |    pointer   |
|res_stream_V_data_33_V_write     | out |    1|   ap_fifo  |                        res_stream_V_data_33_V                       |    pointer   |
|res_stream_V_data_34_V_din       | out |   16|   ap_fifo  |                        res_stream_V_data_34_V                       |    pointer   |
|res_stream_V_data_34_V_full_n    |  in |    1|   ap_fifo  |                        res_stream_V_data_34_V                       |    pointer   |
|res_stream_V_data_34_V_write     | out |    1|   ap_fifo  |                        res_stream_V_data_34_V                       |    pointer   |
|res_stream_V_data_35_V_din       | out |   16|   ap_fifo  |                        res_stream_V_data_35_V                       |    pointer   |
|res_stream_V_data_35_V_full_n    |  in |    1|   ap_fifo  |                        res_stream_V_data_35_V                       |    pointer   |
|res_stream_V_data_35_V_write     | out |    1|   ap_fifo  |                        res_stream_V_data_35_V                       |    pointer   |
|res_stream_V_data_36_V_din       | out |   16|   ap_fifo  |                        res_stream_V_data_36_V                       |    pointer   |
|res_stream_V_data_36_V_full_n    |  in |    1|   ap_fifo  |                        res_stream_V_data_36_V                       |    pointer   |
|res_stream_V_data_36_V_write     | out |    1|   ap_fifo  |                        res_stream_V_data_36_V                       |    pointer   |
|res_stream_V_data_37_V_din       | out |   16|   ap_fifo  |                        res_stream_V_data_37_V                       |    pointer   |
|res_stream_V_data_37_V_full_n    |  in |    1|   ap_fifo  |                        res_stream_V_data_37_V                       |    pointer   |
|res_stream_V_data_37_V_write     | out |    1|   ap_fifo  |                        res_stream_V_data_37_V                       |    pointer   |
|res_stream_V_data_38_V_din       | out |   16|   ap_fifo  |                        res_stream_V_data_38_V                       |    pointer   |
|res_stream_V_data_38_V_full_n    |  in |    1|   ap_fifo  |                        res_stream_V_data_38_V                       |    pointer   |
|res_stream_V_data_38_V_write     | out |    1|   ap_fifo  |                        res_stream_V_data_38_V                       |    pointer   |
|res_stream_V_data_39_V_din       | out |   16|   ap_fifo  |                        res_stream_V_data_39_V                       |    pointer   |
|res_stream_V_data_39_V_full_n    |  in |    1|   ap_fifo  |                        res_stream_V_data_39_V                       |    pointer   |
|res_stream_V_data_39_V_write     | out |    1|   ap_fifo  |                        res_stream_V_data_39_V                       |    pointer   |
|res_stream_V_data_40_V_din       | out |   16|   ap_fifo  |                        res_stream_V_data_40_V                       |    pointer   |
|res_stream_V_data_40_V_full_n    |  in |    1|   ap_fifo  |                        res_stream_V_data_40_V                       |    pointer   |
|res_stream_V_data_40_V_write     | out |    1|   ap_fifo  |                        res_stream_V_data_40_V                       |    pointer   |
|res_stream_V_data_41_V_din       | out |   16|   ap_fifo  |                        res_stream_V_data_41_V                       |    pointer   |
|res_stream_V_data_41_V_full_n    |  in |    1|   ap_fifo  |                        res_stream_V_data_41_V                       |    pointer   |
|res_stream_V_data_41_V_write     | out |    1|   ap_fifo  |                        res_stream_V_data_41_V                       |    pointer   |
+---------------------------------+-----+-----+------------+---------------------------------------------------------------------+--------------+

