

================================================================
== Vivado HLS Report for 'relu_array_ap_fixed_24u_array_ap_ufixed_6_0_4_0_0_24u_relu_config12_s'
================================================================
* Date:           Wed Apr  3 17:41:03 2024

* Version:        2019.2 (Build 2704478 on Wed Nov 06 22:10:23 MST 2019)
* Project:        myproject_prj
* Solution:       solution1
* Product family: zynq
* Target device:  xc7z020-clg400-1


================================================================
== Performance Estimates
================================================================
+ Timing: 
    * Summary: 
    +--------+---------+----------+------------+
    |  Clock |  Target | Estimated| Uncertainty|
    +--------+---------+----------+------------+
    |ap_clk  | 5.00 ns | 3.617 ns |   0.62 ns  |
    +--------+---------+----------+------------+

+ Latency: 
    * Summary: 
    +---------+---------+----------+----------+-----+-----+---------+
    |  Latency (cycles) |  Latency (absolute) |  Interval | Pipeline|
    |   min   |   max   |    min   |    max   | min | max |   Type  |
    +---------+---------+----------+----------+-----+-----+---------+
    |       20|       20| 0.100 us | 0.100 us |   20|   20|   none  |
    +---------+---------+----------+----------+-----+-----+---------+

    + Detail: 
        * Instance: 
        N/A

        * Loop: 
        +---------------+---------+---------+----------+-----------+-----------+------+----------+
        |               |  Latency (cycles) | Iteration|  Initiation Interval  | Trip |          |
        |   Loop Name   |   min   |   max   |  Latency |  achieved |   target  | Count| Pipelined|
        +---------------+---------+---------+----------+-----------+-----------+------+----------+
        |- ReLUActLoop  |       18|       18|         4|          1|          1|    16|    yes   |
        +---------------+---------+---------+----------+-----------+-----------+------+----------+



================================================================
== Utilization Estimates
================================================================
* Summary: 
+-----------------+---------+-------+--------+-------+-----+
|       Name      | BRAM_18K| DSP48E|   FF   |  LUT  | URAM|
+-----------------+---------+-------+--------+-------+-----+
|DSP              |        -|      -|       -|      -|    -|
|Expression       |        -|      -|       0|   1986|    -|
|FIFO             |        -|      -|       -|      -|    -|
|Instance         |        -|      -|       -|      -|    -|
|Memory           |        -|      -|       -|      -|    -|
|Multiplexer      |        -|      -|       -|    498|    -|
|Register         |        0|      -|     679|     32|    -|
+-----------------+---------+-------+--------+-------+-----+
|Total            |        0|      0|     679|   2516|    0|
+-----------------+---------+-------+--------+-------+-----+
|Available        |      280|    220|  106400|  53200|    0|
+-----------------+---------+-------+--------+-------+-----+
|Utilization (%)  |        0|      0|   ~0   |      4|    0|
+-----------------+---------+-------+--------+-------+-----+

+ Detail: 
    * Instance: 
    N/A

    * DSP48E: 
    N/A

    * Memory: 
    N/A

    * FIFO: 
    N/A

    * Expression: 
    +----------------------------------+----------+-------+---+----+------------+------------+
    |           Variable Name          | Operation| DSP48E| FF| LUT| Bitwidth P0| Bitwidth P1|
    +----------------------------------+----------+-------+---+----+------------+------------+
    |add_ln415_105_fu_1329_p2          |     +    |      0|  0|  15|           6|           6|
    |add_ln415_106_fu_1427_p2          |     +    |      0|  0|  15|           6|           6|
    |add_ln415_107_fu_1525_p2          |     +    |      0|  0|  15|           6|           6|
    |add_ln415_108_fu_1623_p2          |     +    |      0|  0|  15|           6|           6|
    |add_ln415_109_fu_1721_p2          |     +    |      0|  0|  15|           6|           6|
    |add_ln415_110_fu_1819_p2          |     +    |      0|  0|  15|           6|           6|
    |add_ln415_111_fu_1917_p2          |     +    |      0|  0|  15|           6|           6|
    |add_ln415_112_fu_2015_p2          |     +    |      0|  0|  15|           6|           6|
    |add_ln415_113_fu_2113_p2          |     +    |      0|  0|  15|           6|           6|
    |add_ln415_114_fu_2211_p2          |     +    |      0|  0|  15|           6|           6|
    |add_ln415_115_fu_2309_p2          |     +    |      0|  0|  15|           6|           6|
    |add_ln415_116_fu_2407_p2          |     +    |      0|  0|  15|           6|           6|
    |add_ln415_117_fu_2505_p2          |     +    |      0|  0|  15|           6|           6|
    |add_ln415_118_fu_2603_p2          |     +    |      0|  0|  15|           6|           6|
    |add_ln415_119_fu_2701_p2          |     +    |      0|  0|  15|           6|           6|
    |add_ln415_120_fu_2799_p2          |     +    |      0|  0|  15|           6|           6|
    |add_ln415_121_fu_2897_p2          |     +    |      0|  0|  15|           6|           6|
    |add_ln415_122_fu_2995_p2          |     +    |      0|  0|  15|           6|           6|
    |add_ln415_123_fu_3093_p2          |     +    |      0|  0|  15|           6|           6|
    |add_ln415_124_fu_3191_p2          |     +    |      0|  0|  15|           6|           6|
    |add_ln415_125_fu_3289_p2          |     +    |      0|  0|  15|           6|           6|
    |add_ln415_126_fu_3387_p2          |     +    |      0|  0|  15|           6|           6|
    |add_ln415_127_fu_3485_p2          |     +    |      0|  0|  15|           6|           6|
    |add_ln415_fu_1231_p2              |     +    |      0|  0|  15|           6|           6|
    |i_fu_311_p2                       |     +    |      0|  0|  15|           5|           1|
    |and_ln415_10_fu_2201_p2           |    and   |      0|  0|   2|           1|           1|
    |and_ln415_11_fu_2299_p2           |    and   |      0|  0|   2|           1|           1|
    |and_ln415_12_fu_2397_p2           |    and   |      0|  0|   2|           1|           1|
    |and_ln415_13_fu_2495_p2           |    and   |      0|  0|   2|           1|           1|
    |and_ln415_14_fu_2593_p2           |    and   |      0|  0|   2|           1|           1|
    |and_ln415_15_fu_2691_p2           |    and   |      0|  0|   2|           1|           1|
    |and_ln415_16_fu_2789_p2           |    and   |      0|  0|   2|           1|           1|
    |and_ln415_17_fu_2887_p2           |    and   |      0|  0|   2|           1|           1|
    |and_ln415_18_fu_2985_p2           |    and   |      0|  0|   2|           1|           1|
    |and_ln415_19_fu_3083_p2           |    and   |      0|  0|   2|           1|           1|
    |and_ln415_1_fu_1319_p2            |    and   |      0|  0|   2|           1|           1|
    |and_ln415_20_fu_3181_p2           |    and   |      0|  0|   2|           1|           1|
    |and_ln415_21_fu_3279_p2           |    and   |      0|  0|   2|           1|           1|
    |and_ln415_22_fu_3377_p2           |    and   |      0|  0|   2|           1|           1|
    |and_ln415_23_fu_3475_p2           |    and   |      0|  0|   2|           1|           1|
    |and_ln415_2_fu_1417_p2            |    and   |      0|  0|   2|           1|           1|
    |and_ln415_3_fu_1515_p2            |    and   |      0|  0|   2|           1|           1|
    |and_ln415_4_fu_1613_p2            |    and   |      0|  0|   2|           1|           1|
    |and_ln415_5_fu_1711_p2            |    and   |      0|  0|   2|           1|           1|
    |and_ln415_6_fu_1809_p2            |    and   |      0|  0|   2|           1|           1|
    |and_ln415_7_fu_1907_p2            |    and   |      0|  0|   2|           1|           1|
    |and_ln415_8_fu_2005_p2            |    and   |      0|  0|   2|           1|           1|
    |and_ln415_9_fu_2103_p2            |    and   |      0|  0|   2|           1|           1|
    |and_ln415_fu_1221_p2              |    and   |      0|  0|   2|           1|           1|
    |and_ln416_105_fu_1349_p2          |    and   |      0|  0|   2|           1|           1|
    |and_ln416_106_fu_1447_p2          |    and   |      0|  0|   2|           1|           1|
    |and_ln416_107_fu_1545_p2          |    and   |      0|  0|   2|           1|           1|
    |and_ln416_108_fu_1643_p2          |    and   |      0|  0|   2|           1|           1|
    |and_ln416_109_fu_1741_p2          |    and   |      0|  0|   2|           1|           1|
    |and_ln416_110_fu_1839_p2          |    and   |      0|  0|   2|           1|           1|
    |and_ln416_111_fu_1937_p2          |    and   |      0|  0|   2|           1|           1|
    |and_ln416_112_fu_2035_p2          |    and   |      0|  0|   2|           1|           1|
    |and_ln416_113_fu_2133_p2          |    and   |      0|  0|   2|           1|           1|
    |and_ln416_114_fu_2231_p2          |    and   |      0|  0|   2|           1|           1|
    |and_ln416_115_fu_2329_p2          |    and   |      0|  0|   2|           1|           1|
    |and_ln416_116_fu_2427_p2          |    and   |      0|  0|   2|           1|           1|
    |and_ln416_117_fu_2525_p2          |    and   |      0|  0|   2|           1|           1|
    |and_ln416_118_fu_2623_p2          |    and   |      0|  0|   2|           1|           1|
    |and_ln416_119_fu_2721_p2          |    and   |      0|  0|   2|           1|           1|
    |and_ln416_120_fu_2819_p2          |    and   |      0|  0|   2|           1|           1|
    |and_ln416_121_fu_2917_p2          |    and   |      0|  0|   2|           1|           1|
    |and_ln416_122_fu_3015_p2          |    and   |      0|  0|   2|           1|           1|
    |and_ln416_123_fu_3113_p2          |    and   |      0|  0|   2|           1|           1|
    |and_ln416_124_fu_3211_p2          |    and   |      0|  0|   2|           1|           1|
    |and_ln416_125_fu_3309_p2          |    and   |      0|  0|   2|           1|           1|
    |and_ln416_126_fu_3407_p2          |    and   |      0|  0|   2|           1|           1|
    |and_ln416_127_fu_3505_p2          |    and   |      0|  0|   2|           1|           1|
    |and_ln416_fu_1251_p2              |    and   |      0|  0|   2|           1|           1|
    |ap_block_state3_pp0_stage0_iter1  |    and   |      0|  0|   2|           1|           1|
    |ap_block_state5_pp0_stage0_iter3  |    and   |      0|  0|   2|           1|           1|
    |io_acc_block_signal_op569         |    and   |      0|  0|   2|           1|           1|
    |io_acc_block_signal_op61          |    and   |      0|  0|   2|           1|           1|
    |icmp_ln1494_10_fu_2161_p2         |   icmp   |      0|  0|  13|          16|           1|
    |icmp_ln1494_11_fu_2259_p2         |   icmp   |      0|  0|  13|          16|           1|
    |icmp_ln1494_12_fu_2357_p2         |   icmp   |      0|  0|  13|          16|           1|
    |icmp_ln1494_13_fu_2455_p2         |   icmp   |      0|  0|  13|          16|           1|
    |icmp_ln1494_14_fu_2553_p2         |   icmp   |      0|  0|  13|          16|           1|
    |icmp_ln1494_15_fu_2651_p2         |   icmp   |      0|  0|  13|          16|           1|
    |icmp_ln1494_16_fu_2749_p2         |   icmp   |      0|  0|  13|          16|           1|
    |icmp_ln1494_17_fu_2847_p2         |   icmp   |      0|  0|  13|          16|           1|
    |icmp_ln1494_18_fu_2945_p2         |   icmp   |      0|  0|  13|          16|           1|
    |icmp_ln1494_19_fu_3043_p2         |   icmp   |      0|  0|  13|          16|           1|
    |icmp_ln1494_1_fu_1279_p2          |   icmp   |      0|  0|  13|          16|           1|
    |icmp_ln1494_20_fu_3141_p2         |   icmp   |      0|  0|  13|          16|           1|
    |icmp_ln1494_21_fu_3239_p2         |   icmp   |      0|  0|  13|          16|           1|
    |icmp_ln1494_22_fu_3337_p2         |   icmp   |      0|  0|  13|          16|           1|
    |icmp_ln1494_23_fu_3435_p2         |   icmp   |      0|  0|  13|          16|           1|
    |icmp_ln1494_2_fu_1377_p2          |   icmp   |      0|  0|  13|          16|           1|
    |icmp_ln1494_3_fu_1475_p2          |   icmp   |      0|  0|  13|          16|           1|
    |icmp_ln1494_4_fu_1573_p2          |   icmp   |      0|  0|  13|          16|           1|
    |icmp_ln1494_5_fu_1671_p2          |   icmp   |      0|  0|  13|          16|           1|
    |icmp_ln1494_6_fu_1769_p2          |   icmp   |      0|  0|  13|          16|           1|
    |icmp_ln1494_7_fu_1867_p2          |   icmp   |      0|  0|  13|          16|           1|
    |icmp_ln1494_8_fu_1965_p2          |   icmp   |      0|  0|  13|          16|           1|
    |icmp_ln1494_9_fu_2063_p2          |   icmp   |      0|  0|  13|          16|           1|
    |icmp_ln1494_fu_1181_p2            |   icmp   |      0|  0|  13|          16|           1|
    |icmp_ln41_fu_305_p2               |   icmp   |      0|  0|  11|           5|           6|
    |icmp_ln718_105_fu_449_p2          |   icmp   |      0|  0|   9|           3|           1|
    |icmp_ln718_106_fu_481_p2          |   icmp   |      0|  0|   9|           3|           1|
    |icmp_ln718_107_fu_513_p2          |   icmp   |      0|  0|   9|           3|           1|
    |icmp_ln718_108_fu_545_p2          |   icmp   |      0|  0|   9|           3|           1|
    |icmp_ln718_109_fu_577_p2          |   icmp   |      0|  0|   9|           3|           1|
    |icmp_ln718_110_fu_609_p2          |   icmp   |      0|  0|   9|           3|           1|
    |icmp_ln718_111_fu_641_p2          |   icmp   |      0|  0|   9|           3|           1|
    |icmp_ln718_112_fu_673_p2          |   icmp   |      0|  0|   9|           3|           1|
    |icmp_ln718_113_fu_705_p2          |   icmp   |      0|  0|   9|           3|           1|
    |icmp_ln718_114_fu_737_p2          |   icmp   |      0|  0|   9|           3|           1|
    |icmp_ln718_115_fu_769_p2          |   icmp   |      0|  0|   9|           3|           1|
    |icmp_ln718_116_fu_801_p2          |   icmp   |      0|  0|   9|           3|           1|
    |icmp_ln718_117_fu_833_p2          |   icmp   |      0|  0|   9|           3|           1|
    |icmp_ln718_118_fu_865_p2          |   icmp   |      0|  0|   9|           3|           1|
    |icmp_ln718_119_fu_897_p2          |   icmp   |      0|  0|   9|           3|           1|
    |icmp_ln718_120_fu_929_p2          |   icmp   |      0|  0|   9|           3|           1|
    |icmp_ln718_121_fu_961_p2          |   icmp   |      0|  0|   9|           3|           1|
    |icmp_ln718_122_fu_993_p2          |   icmp   |      0|  0|   9|           3|           1|
    |icmp_ln718_123_fu_1025_p2         |   icmp   |      0|  0|   9|           3|           1|
    |icmp_ln718_124_fu_1057_p2         |   icmp   |      0|  0|   9|           3|           1|
    |icmp_ln718_125_fu_1089_p2         |   icmp   |      0|  0|   9|           3|           1|
    |icmp_ln718_126_fu_1121_p2         |   icmp   |      0|  0|   9|           3|           1|
    |icmp_ln718_127_fu_1153_p2         |   icmp   |      0|  0|   9|           3|           1|
    |icmp_ln718_fu_417_p2              |   icmp   |      0|  0|   9|           3|           1|
    |icmp_ln768_105_fu_471_p2          |   icmp   |      0|  0|  11|           6|           1|
    |icmp_ln768_106_fu_503_p2          |   icmp   |      0|  0|  11|           6|           1|
    |icmp_ln768_107_fu_535_p2          |   icmp   |      0|  0|  11|           6|           1|
    |icmp_ln768_108_fu_567_p2          |   icmp   |      0|  0|  11|           6|           1|
    |icmp_ln768_109_fu_599_p2          |   icmp   |      0|  0|  11|           6|           1|
    |icmp_ln768_110_fu_631_p2          |   icmp   |      0|  0|  11|           6|           1|
    |icmp_ln768_111_fu_663_p2          |   icmp   |      0|  0|  11|           6|           1|
    |icmp_ln768_112_fu_695_p2          |   icmp   |      0|  0|  11|           6|           1|
    |icmp_ln768_113_fu_727_p2          |   icmp   |      0|  0|  11|           6|           1|
    |icmp_ln768_114_fu_759_p2          |   icmp   |      0|  0|  11|           6|           1|
    |icmp_ln768_115_fu_791_p2          |   icmp   |      0|  0|  11|           6|           1|
    |icmp_ln768_116_fu_823_p2          |   icmp   |      0|  0|  11|           6|           1|
    |icmp_ln768_117_fu_855_p2          |   icmp   |      0|  0|  11|           6|           1|
    |icmp_ln768_118_fu_887_p2          |   icmp   |      0|  0|  11|           6|           1|
    |icmp_ln768_119_fu_919_p2          |   icmp   |      0|  0|  11|           6|           1|
    |icmp_ln768_120_fu_951_p2          |   icmp   |      0|  0|  11|           6|           1|
    |icmp_ln768_121_fu_983_p2          |   icmp   |      0|  0|  11|           6|           1|
    |icmp_ln768_122_fu_1015_p2         |   icmp   |      0|  0|  11|           6|           1|
    |icmp_ln768_123_fu_1047_p2         |   icmp   |      0|  0|  11|           6|           1|
    |icmp_ln768_124_fu_1079_p2         |   icmp   |      0|  0|  11|           6|           1|
    |icmp_ln768_125_fu_1111_p2         |   icmp   |      0|  0|  11|           6|           1|
    |icmp_ln768_126_fu_1143_p2         |   icmp   |      0|  0|  11|           6|           1|
    |icmp_ln768_127_fu_1175_p2         |   icmp   |      0|  0|  11|           6|           1|
    |icmp_ln768_fu_439_p2              |   icmp   |      0|  0|  11|           6|           1|
    |icmp_ln879_105_fu_465_p2          |   icmp   |      0|  0|  11|           6|           2|
    |icmp_ln879_106_fu_497_p2          |   icmp   |      0|  0|  11|           6|           2|
    |icmp_ln879_107_fu_529_p2          |   icmp   |      0|  0|  11|           6|           2|
    |icmp_ln879_108_fu_561_p2          |   icmp   |      0|  0|  11|           6|           2|
    |icmp_ln879_109_fu_593_p2          |   icmp   |      0|  0|  11|           6|           2|
    |icmp_ln879_110_fu_625_p2          |   icmp   |      0|  0|  11|           6|           2|
    |icmp_ln879_111_fu_657_p2          |   icmp   |      0|  0|  11|           6|           2|
    |icmp_ln879_112_fu_689_p2          |   icmp   |      0|  0|  11|           6|           2|
    |icmp_ln879_113_fu_721_p2          |   icmp   |      0|  0|  11|           6|           2|
    |icmp_ln879_114_fu_753_p2          |   icmp   |      0|  0|  11|           6|           2|
    |icmp_ln879_115_fu_785_p2          |   icmp   |      0|  0|  11|           6|           2|
    |icmp_ln879_116_fu_817_p2          |   icmp   |      0|  0|  11|           6|           2|
    |icmp_ln879_117_fu_849_p2          |   icmp   |      0|  0|  11|           6|           2|
    |icmp_ln879_118_fu_881_p2          |   icmp   |      0|  0|  11|           6|           2|
    |icmp_ln879_119_fu_913_p2          |   icmp   |      0|  0|  11|           6|           2|
    |icmp_ln879_120_fu_945_p2          |   icmp   |      0|  0|  11|           6|           2|
    |icmp_ln879_121_fu_977_p2          |   icmp   |      0|  0|  11|           6|           2|
    |icmp_ln879_122_fu_1009_p2         |   icmp   |      0|  0|  11|           6|           2|
    |icmp_ln879_123_fu_1041_p2         |   icmp   |      0|  0|  11|           6|           2|
    |icmp_ln879_124_fu_1073_p2         |   icmp   |      0|  0|  11|           6|           2|
    |icmp_ln879_125_fu_1105_p2         |   icmp   |      0|  0|  11|           6|           2|
    |icmp_ln879_126_fu_1137_p2         |   icmp   |      0|  0|  11|           6|           2|
    |icmp_ln879_127_fu_1169_p2         |   icmp   |      0|  0|  11|           6|           2|
    |icmp_ln879_fu_433_p2              |   icmp   |      0|  0|  11|           6|           2|
    |ap_block_pp0_stage0_01001         |    or    |      0|  0|   2|           1|           1|
    |ap_block_state1                   |    or    |      0|  0|   2|           1|           1|
    |or_ln412_105_fu_1307_p2           |    or    |      0|  0|   2|           1|           1|
    |or_ln412_106_fu_1405_p2           |    or    |      0|  0|   2|           1|           1|
    |or_ln412_107_fu_1503_p2           |    or    |      0|  0|   2|           1|           1|
    |or_ln412_108_fu_1601_p2           |    or    |      0|  0|   2|           1|           1|
    |or_ln412_109_fu_1699_p2           |    or    |      0|  0|   2|           1|           1|
    |or_ln412_110_fu_1797_p2           |    or    |      0|  0|   2|           1|           1|
    |or_ln412_111_fu_1895_p2           |    or    |      0|  0|   2|           1|           1|
    |or_ln412_112_fu_1993_p2           |    or    |      0|  0|   2|           1|           1|
    |or_ln412_113_fu_2091_p2           |    or    |      0|  0|   2|           1|           1|
    |or_ln412_114_fu_2189_p2           |    or    |      0|  0|   2|           1|           1|
    |or_ln412_115_fu_2287_p2           |    or    |      0|  0|   2|           1|           1|
    |or_ln412_116_fu_2385_p2           |    or    |      0|  0|   2|           1|           1|
    |or_ln412_117_fu_2483_p2           |    or    |      0|  0|   2|           1|           1|
    |or_ln412_118_fu_2581_p2           |    or    |      0|  0|   2|           1|           1|
    |or_ln412_119_fu_2679_p2           |    or    |      0|  0|   2|           1|           1|
    |or_ln412_120_fu_2777_p2           |    or    |      0|  0|   2|           1|           1|
    |or_ln412_121_fu_2875_p2           |    or    |      0|  0|   2|           1|           1|
    |or_ln412_122_fu_2973_p2           |    or    |      0|  0|   2|           1|           1|
    |or_ln412_123_fu_3071_p2           |    or    |      0|  0|   2|           1|           1|
    |or_ln412_124_fu_3169_p2           |    or    |      0|  0|   2|           1|           1|
    |or_ln412_125_fu_3267_p2           |    or    |      0|  0|   2|           1|           1|
    |or_ln412_126_fu_3365_p2           |    or    |      0|  0|   2|           1|           1|
    |or_ln412_127_fu_3463_p2           |    or    |      0|  0|   2|           1|           1|
    |or_ln412_fu_1209_p2               |    or    |      0|  0|   2|           1|           1|
    |select_ln340_10_fu_2243_p3        |  select  |      0|  0|   6|           1|           6|
    |select_ln340_11_fu_2341_p3        |  select  |      0|  0|   6|           1|           6|
    |select_ln340_12_fu_2439_p3        |  select  |      0|  0|   6|           1|           6|
    |select_ln340_13_fu_2537_p3        |  select  |      0|  0|   6|           1|           6|
    |select_ln340_14_fu_2635_p3        |  select  |      0|  0|   6|           1|           6|
    |select_ln340_15_fu_2733_p3        |  select  |      0|  0|   6|           1|           6|
    |select_ln340_16_fu_2831_p3        |  select  |      0|  0|   6|           1|           6|
    |select_ln340_17_fu_2929_p3        |  select  |      0|  0|   6|           1|           6|
    |select_ln340_18_fu_3027_p3        |  select  |      0|  0|   6|           1|           6|
    |select_ln340_19_fu_3125_p3        |  select  |      0|  0|   6|           1|           6|
    |select_ln340_1_fu_1361_p3         |  select  |      0|  0|   6|           1|           6|
    |select_ln340_20_fu_3223_p3        |  select  |      0|  0|   6|           1|           6|
    |select_ln340_21_fu_3321_p3        |  select  |      0|  0|   6|           1|           6|
    |select_ln340_22_fu_3419_p3        |  select  |      0|  0|   6|           1|           6|
    |select_ln340_23_fu_3517_p3        |  select  |      0|  0|   6|           1|           6|
    |select_ln340_2_fu_1459_p3         |  select  |      0|  0|   6|           1|           6|
    |select_ln340_3_fu_1557_p3         |  select  |      0|  0|   6|           1|           6|
    |select_ln340_4_fu_1655_p3         |  select  |      0|  0|   6|           1|           6|
    |select_ln340_5_fu_1753_p3         |  select  |      0|  0|   6|           1|           6|
    |select_ln340_6_fu_1851_p3         |  select  |      0|  0|   6|           1|           6|
    |select_ln340_7_fu_1949_p3         |  select  |      0|  0|   6|           1|           6|
    |select_ln340_8_fu_2047_p3         |  select  |      0|  0|   6|           1|           6|
    |select_ln340_9_fu_2145_p3         |  select  |      0|  0|   6|           1|           6|
    |select_ln340_fu_1263_p3           |  select  |      0|  0|   6|           1|           6|
    |select_ln777_105_fu_1355_p3       |  select  |      0|  0|   2|           1|           1|
    |select_ln777_106_fu_1453_p3       |  select  |      0|  0|   2|           1|           1|
    |select_ln777_107_fu_1551_p3       |  select  |      0|  0|   2|           1|           1|
    |select_ln777_108_fu_1649_p3       |  select  |      0|  0|   2|           1|           1|
    |select_ln777_109_fu_1747_p3       |  select  |      0|  0|   2|           1|           1|
    |select_ln777_110_fu_1845_p3       |  select  |      0|  0|   2|           1|           1|
    |select_ln777_111_fu_1943_p3       |  select  |      0|  0|   2|           1|           1|
    |select_ln777_112_fu_2041_p3       |  select  |      0|  0|   2|           1|           1|
    |select_ln777_113_fu_2139_p3       |  select  |      0|  0|   2|           1|           1|
    |select_ln777_114_fu_2237_p3       |  select  |      0|  0|   2|           1|           1|
    |select_ln777_115_fu_2335_p3       |  select  |      0|  0|   2|           1|           1|
    |select_ln777_116_fu_2433_p3       |  select  |      0|  0|   2|           1|           1|
    |select_ln777_117_fu_2531_p3       |  select  |      0|  0|   2|           1|           1|
    |select_ln777_118_fu_2629_p3       |  select  |      0|  0|   2|           1|           1|
    |select_ln777_119_fu_2727_p3       |  select  |      0|  0|   2|           1|           1|
    |select_ln777_120_fu_2825_p3       |  select  |      0|  0|   2|           1|           1|
    |select_ln777_121_fu_2923_p3       |  select  |      0|  0|   2|           1|           1|
    |select_ln777_122_fu_3021_p3       |  select  |      0|  0|   2|           1|           1|
    |select_ln777_123_fu_3119_p3       |  select  |      0|  0|   2|           1|           1|
    |select_ln777_124_fu_3217_p3       |  select  |      0|  0|   2|           1|           1|
    |select_ln777_125_fu_3315_p3       |  select  |      0|  0|   2|           1|           1|
    |select_ln777_126_fu_3413_p3       |  select  |      0|  0|   2|           1|           1|
    |select_ln777_127_fu_3511_p3       |  select  |      0|  0|   2|           1|           1|
    |select_ln777_fu_1257_p3           |  select  |      0|  0|   2|           1|           1|
    |tmp_data_0_V_fu_1271_p3           |  select  |      0|  0|   6|           1|           6|
    |tmp_data_10_V_fu_2251_p3          |  select  |      0|  0|   6|           1|           6|
    |tmp_data_11_V_fu_2349_p3          |  select  |      0|  0|   6|           1|           6|
    |tmp_data_12_V_fu_2447_p3          |  select  |      0|  0|   6|           1|           6|
    |tmp_data_13_V_fu_2545_p3          |  select  |      0|  0|   6|           1|           6|
    |tmp_data_14_V_fu_2643_p3          |  select  |      0|  0|   6|           1|           6|
    |tmp_data_15_V_fu_2741_p3          |  select  |      0|  0|   6|           1|           6|
    |tmp_data_16_V_fu_2839_p3          |  select  |      0|  0|   6|           1|           6|
    |tmp_data_17_V_fu_2937_p3          |  select  |      0|  0|   6|           1|           6|
    |tmp_data_18_V_fu_3035_p3          |  select  |      0|  0|   6|           1|           6|
    |tmp_data_19_V_fu_3133_p3          |  select  |      0|  0|   6|           1|           6|
    |tmp_data_1_V_fu_1369_p3           |  select  |      0|  0|   6|           1|           6|
    |tmp_data_20_V_fu_3231_p3          |  select  |      0|  0|   6|           1|           6|
    |tmp_data_21_V_fu_3329_p3          |  select  |      0|  0|   6|           1|           6|
    |tmp_data_22_V_fu_3427_p3          |  select  |      0|  0|   6|           1|           6|
    |tmp_data_23_V_fu_3525_p3          |  select  |      0|  0|   6|           1|           6|
    |tmp_data_2_V_fu_1467_p3           |  select  |      0|  0|   6|           1|           6|
    |tmp_data_3_V_fu_1565_p3           |  select  |      0|  0|   6|           1|           6|
    |tmp_data_4_V_fu_1663_p3           |  select  |      0|  0|   6|           1|           6|
    |tmp_data_5_V_fu_1761_p3           |  select  |      0|  0|   6|           1|           6|
    |tmp_data_6_V_fu_1859_p3           |  select  |      0|  0|   6|           1|           6|
    |tmp_data_7_V_fu_1957_p3           |  select  |      0|  0|   6|           1|           6|
    |tmp_data_8_V_fu_2055_p3           |  select  |      0|  0|   6|           1|           6|
    |tmp_data_9_V_fu_2153_p3           |  select  |      0|  0|   6|           1|           6|
    |ap_enable_pp0                     |    xor   |      0|  0|   2|           1|           2|
    |ap_enable_reg_pp0_iter1           |    xor   |      0|  0|   2|           2|           1|
    |xor_ln416_105_fu_1343_p2          |    xor   |      0|  0|   2|           1|           2|
    |xor_ln416_106_fu_1441_p2          |    xor   |      0|  0|   2|           1|           2|
    |xor_ln416_107_fu_1539_p2          |    xor   |      0|  0|   2|           1|           2|
    |xor_ln416_108_fu_1637_p2          |    xor   |      0|  0|   2|           1|           2|
    |xor_ln416_109_fu_1735_p2          |    xor   |      0|  0|   2|           1|           2|
    |xor_ln416_110_fu_1833_p2          |    xor   |      0|  0|   2|           1|           2|
    |xor_ln416_111_fu_1931_p2          |    xor   |      0|  0|   2|           1|           2|
    |xor_ln416_112_fu_2029_p2          |    xor   |      0|  0|   2|           1|           2|
    |xor_ln416_113_fu_2127_p2          |    xor   |      0|  0|   2|           1|           2|
    |xor_ln416_114_fu_2225_p2          |    xor   |      0|  0|   2|           1|           2|
    |xor_ln416_115_fu_2323_p2          |    xor   |      0|  0|   2|           1|           2|
    |xor_ln416_116_fu_2421_p2          |    xor   |      0|  0|   2|           1|           2|
    |xor_ln416_117_fu_2519_p2          |    xor   |      0|  0|   2|           1|           2|
    |xor_ln416_118_fu_2617_p2          |    xor   |      0|  0|   2|           1|           2|
    |xor_ln416_119_fu_2715_p2          |    xor   |      0|  0|   2|           1|           2|
    |xor_ln416_120_fu_2813_p2          |    xor   |      0|  0|   2|           1|           2|
    |xor_ln416_121_fu_2911_p2          |    xor   |      0|  0|   2|           1|           2|
    |xor_ln416_122_fu_3009_p2          |    xor   |      0|  0|   2|           1|           2|
    |xor_ln416_123_fu_3107_p2          |    xor   |      0|  0|   2|           1|           2|
    |xor_ln416_124_fu_3205_p2          |    xor   |      0|  0|   2|           1|           2|
    |xor_ln416_125_fu_3303_p2          |    xor   |      0|  0|   2|           1|           2|
    |xor_ln416_126_fu_3401_p2          |    xor   |      0|  0|   2|           1|           2|
    |xor_ln416_127_fu_3499_p2          |    xor   |      0|  0|   2|           1|           2|
    |xor_ln416_fu_1245_p2              |    xor   |      0|  0|   2|           1|           2|
    +----------------------------------+----------+-------+---+----+------------+------------+
    |Total                             |          |      0|  0|1986|        1075|         712|
    +----------------------------------+----------+-------+---+----+------------+------------+

    * Multiplexer: 
    +-------------------------+----+-----------+-----+-----------+
    |           Name          | LUT| Input Size| Bits| Total Bits|
    +-------------------------+----+-----------+-----+-----------+
    |ap_NS_fsm                |  21|          4|    1|          4|
    |ap_done                  |   9|          2|    1|          2|
    |ap_enable_reg_pp0_iter1  |   9|          2|    1|          2|
    |ap_enable_reg_pp0_iter3  |   9|          2|    1|          2|
    |data_V_data_0_V_blk_n    |   9|          2|    1|          2|
    |data_V_data_10_V_blk_n   |   9|          2|    1|          2|
    |data_V_data_11_V_blk_n   |   9|          2|    1|          2|
    |data_V_data_12_V_blk_n   |   9|          2|    1|          2|
    |data_V_data_13_V_blk_n   |   9|          2|    1|          2|
    |data_V_data_14_V_blk_n   |   9|          2|    1|          2|
    |data_V_data_15_V_blk_n   |   9|          2|    1|          2|
    |data_V_data_16_V_blk_n   |   9|          2|    1|          2|
    |data_V_data_17_V_blk_n   |   9|          2|    1|          2|
    |data_V_data_18_V_blk_n   |   9|          2|    1|          2|
    |data_V_data_19_V_blk_n   |   9|          2|    1|          2|
    |data_V_data_1_V_blk_n    |   9|          2|    1|          2|
    |data_V_data_20_V_blk_n   |   9|          2|    1|          2|
    |data_V_data_21_V_blk_n   |   9|          2|    1|          2|
    |data_V_data_22_V_blk_n   |   9|          2|    1|          2|
    |data_V_data_23_V_blk_n   |   9|          2|    1|          2|
    |data_V_data_2_V_blk_n    |   9|          2|    1|          2|
    |data_V_data_3_V_blk_n    |   9|          2|    1|          2|
    |data_V_data_4_V_blk_n    |   9|          2|    1|          2|
    |data_V_data_5_V_blk_n    |   9|          2|    1|          2|
    |data_V_data_6_V_blk_n    |   9|          2|    1|          2|
    |data_V_data_7_V_blk_n    |   9|          2|    1|          2|
    |data_V_data_8_V_blk_n    |   9|          2|    1|          2|
    |data_V_data_9_V_blk_n    |   9|          2|    1|          2|
    |i_0_reg_294              |   9|          2|    5|         10|
    |real_start               |   9|          2|    1|          2|
    |res_V_data_0_V_blk_n     |   9|          2|    1|          2|
    |res_V_data_10_V_blk_n    |   9|          2|    1|          2|
    |res_V_data_11_V_blk_n    |   9|          2|    1|          2|
    |res_V_data_12_V_blk_n    |   9|          2|    1|          2|
    |res_V_data_13_V_blk_n    |   9|          2|    1|          2|
    |res_V_data_14_V_blk_n    |   9|          2|    1|          2|
    |res_V_data_15_V_blk_n    |   9|          2|    1|          2|
    |res_V_data_16_V_blk_n    |   9|          2|    1|          2|
    |res_V_data_17_V_blk_n    |   9|          2|    1|          2|
    |res_V_data_18_V_blk_n    |   9|          2|    1|          2|
    |res_V_data_19_V_blk_n    |   9|          2|    1|          2|
    |res_V_data_1_V_blk_n     |   9|          2|    1|          2|
    |res_V_data_20_V_blk_n    |   9|          2|    1|          2|
    |res_V_data_21_V_blk_n    |   9|          2|    1|          2|
    |res_V_data_22_V_blk_n    |   9|          2|    1|          2|
    |res_V_data_23_V_blk_n    |   9|          2|    1|          2|
    |res_V_data_2_V_blk_n     |   9|          2|    1|          2|
    |res_V_data_3_V_blk_n     |   9|          2|    1|          2|
    |res_V_data_4_V_blk_n     |   9|          2|    1|          2|
    |res_V_data_5_V_blk_n     |   9|          2|    1|          2|
    |res_V_data_6_V_blk_n     |   9|          2|    1|          2|
    |res_V_data_7_V_blk_n     |   9|          2|    1|          2|
    |res_V_data_8_V_blk_n     |   9|          2|    1|          2|
    |res_V_data_9_V_blk_n     |   9|          2|    1|          2|
    +-------------------------+----+-----------+-----+-----------+
    |Total                    | 498|        110|   58|        118|
    +-------------------------+----+-----------+-----+-----------+

    * Register: 
    +-------------------------+----+----+-----+-----------+
    |           Name          | FF | LUT| Bits| Const Bits|
    +-------------------------+----+----+-----+-----------+
    |ap_CS_fsm                |   3|   0|    3|          0|
    |ap_done_reg              |   1|   0|    1|          0|
    |ap_enable_reg_pp0_iter0  |   1|   0|    1|          0|
    |ap_enable_reg_pp0_iter1  |   1|   0|    1|          0|
    |ap_enable_reg_pp0_iter2  |   1|   0|    1|          0|
    |ap_enable_reg_pp0_iter3  |   1|   0|    1|          0|
    |i_0_reg_294              |   5|   0|    5|          0|
    |icmp_ln41_reg_3533       |   1|   0|    1|          0|
    |icmp_ln718_105_reg_3773  |   1|   0|    1|          0|
    |icmp_ln718_106_reg_3788  |   1|   0|    1|          0|
    |icmp_ln718_107_reg_3803  |   1|   0|    1|          0|
    |icmp_ln718_108_reg_3818  |   1|   0|    1|          0|
    |icmp_ln718_109_reg_3833  |   1|   0|    1|          0|
    |icmp_ln718_110_reg_3848  |   1|   0|    1|          0|
    |icmp_ln718_111_reg_3863  |   1|   0|    1|          0|
    |icmp_ln718_112_reg_3878  |   1|   0|    1|          0|
    |icmp_ln718_113_reg_3893  |   1|   0|    1|          0|
    |icmp_ln718_114_reg_3908  |   1|   0|    1|          0|
    |icmp_ln718_115_reg_3923  |   1|   0|    1|          0|
    |icmp_ln718_116_reg_3938  |   1|   0|    1|          0|
    |icmp_ln718_117_reg_3953  |   1|   0|    1|          0|
    |icmp_ln718_118_reg_3968  |   1|   0|    1|          0|
    |icmp_ln718_119_reg_3983  |   1|   0|    1|          0|
    |icmp_ln718_120_reg_3998  |   1|   0|    1|          0|
    |icmp_ln718_121_reg_4013  |   1|   0|    1|          0|
    |icmp_ln718_122_reg_4028  |   1|   0|    1|          0|
    |icmp_ln718_123_reg_4043  |   1|   0|    1|          0|
    |icmp_ln718_124_reg_4058  |   1|   0|    1|          0|
    |icmp_ln718_125_reg_4073  |   1|   0|    1|          0|
    |icmp_ln718_126_reg_4088  |   1|   0|    1|          0|
    |icmp_ln718_127_reg_4103  |   1|   0|    1|          0|
    |icmp_ln718_reg_3758      |   1|   0|    1|          0|
    |icmp_ln768_105_reg_3783  |   1|   0|    1|          0|
    |icmp_ln768_106_reg_3798  |   1|   0|    1|          0|
    |icmp_ln768_107_reg_3813  |   1|   0|    1|          0|
    |icmp_ln768_108_reg_3828  |   1|   0|    1|          0|
    |icmp_ln768_109_reg_3843  |   1|   0|    1|          0|
    |icmp_ln768_110_reg_3858  |   1|   0|    1|          0|
    |icmp_ln768_111_reg_3873  |   1|   0|    1|          0|
    |icmp_ln768_112_reg_3888  |   1|   0|    1|          0|
    |icmp_ln768_113_reg_3903  |   1|   0|    1|          0|
    |icmp_ln768_114_reg_3918  |   1|   0|    1|          0|
    |icmp_ln768_115_reg_3933  |   1|   0|    1|          0|
    |icmp_ln768_116_reg_3948  |   1|   0|    1|          0|
    |icmp_ln768_117_reg_3963  |   1|   0|    1|          0|
    |icmp_ln768_118_reg_3978  |   1|   0|    1|          0|
    |icmp_ln768_119_reg_3993  |   1|   0|    1|          0|
    |icmp_ln768_120_reg_4008  |   1|   0|    1|          0|
    |icmp_ln768_121_reg_4023  |   1|   0|    1|          0|
    |icmp_ln768_122_reg_4038  |   1|   0|    1|          0|
    |icmp_ln768_123_reg_4053  |   1|   0|    1|          0|
    |icmp_ln768_124_reg_4068  |   1|   0|    1|          0|
    |icmp_ln768_125_reg_4083  |   1|   0|    1|          0|
    |icmp_ln768_126_reg_4098  |   1|   0|    1|          0|
    |icmp_ln768_127_reg_4113  |   1|   0|    1|          0|
    |icmp_ln768_reg_3768      |   1|   0|    1|          0|
    |icmp_ln879_105_reg_3778  |   1|   0|    1|          0|
    |icmp_ln879_106_reg_3793  |   1|   0|    1|          0|
    |icmp_ln879_107_reg_3808  |   1|   0|    1|          0|
    |icmp_ln879_108_reg_3823  |   1|   0|    1|          0|
    |icmp_ln879_109_reg_3838  |   1|   0|    1|          0|
    |icmp_ln879_110_reg_3853  |   1|   0|    1|          0|
    |icmp_ln879_111_reg_3868  |   1|   0|    1|          0|
    |icmp_ln879_112_reg_3883  |   1|   0|    1|          0|
    |icmp_ln879_113_reg_3898  |   1|   0|    1|          0|
    |icmp_ln879_114_reg_3913  |   1|   0|    1|          0|
    |icmp_ln879_115_reg_3928  |   1|   0|    1|          0|
    |icmp_ln879_116_reg_3943  |   1|   0|    1|          0|
    |icmp_ln879_117_reg_3958  |   1|   0|    1|          0|
    |icmp_ln879_118_reg_3973  |   1|   0|    1|          0|
    |icmp_ln879_119_reg_3988  |   1|   0|    1|          0|
    |icmp_ln879_120_reg_4003  |   1|   0|    1|          0|
    |icmp_ln879_121_reg_4018  |   1|   0|    1|          0|
    |icmp_ln879_122_reg_4033  |   1|   0|    1|          0|
    |icmp_ln879_123_reg_4048  |   1|   0|    1|          0|
    |icmp_ln879_124_reg_4063  |   1|   0|    1|          0|
    |icmp_ln879_125_reg_4078  |   1|   0|    1|          0|
    |icmp_ln879_126_reg_4093  |   1|   0|    1|          0|
    |icmp_ln879_127_reg_4108  |   1|   0|    1|          0|
    |icmp_ln879_reg_3763      |   1|   0|    1|          0|
    |start_once_reg           |   1|   0|    1|          0|
    |tmp_data_0_V_reg_4118    |   6|   0|    6|          0|
    |tmp_data_10_V_reg_4168   |   6|   0|    6|          0|
    |tmp_data_11_V_reg_4173   |   6|   0|    6|          0|
    |tmp_data_12_V_reg_4178   |   6|   0|    6|          0|
    |tmp_data_13_V_reg_4183   |   6|   0|    6|          0|
    |tmp_data_14_V_reg_4188   |   6|   0|    6|          0|
    |tmp_data_15_V_reg_4193   |   6|   0|    6|          0|
    |tmp_data_16_V_reg_4198   |   6|   0|    6|          0|
    |tmp_data_17_V_reg_4203   |   6|   0|    6|          0|
    |tmp_data_18_V_reg_4208   |   6|   0|    6|          0|
    |tmp_data_19_V_reg_4213   |   6|   0|    6|          0|
    |tmp_data_1_V_reg_4123    |   6|   0|    6|          0|
    |tmp_data_20_V_reg_4218   |   6|   0|    6|          0|
    |tmp_data_21_V_reg_4223   |   6|   0|    6|          0|
    |tmp_data_22_V_reg_4228   |   6|   0|    6|          0|
    |tmp_data_23_V_reg_4233   |   6|   0|    6|          0|
    |tmp_data_2_V_reg_4128    |   6|   0|    6|          0|
    |tmp_data_3_V_reg_4133    |   6|   0|    6|          0|
    |tmp_data_4_V_reg_4138    |   6|   0|    6|          0|
    |tmp_data_5_V_reg_4143    |   6|   0|    6|          0|
    |tmp_data_6_V_reg_4148    |   6|   0|    6|          0|
    |tmp_data_7_V_reg_4153    |   6|   0|    6|          0|
    |tmp_data_8_V_reg_4158    |   6|   0|    6|          0|
    |tmp_data_9_V_reg_4163    |   6|   0|    6|          0|
    |tmp_data_V_0_reg_3542    |  16|   0|   16|          0|
    |tmp_data_V_10_reg_3632   |  16|   0|   16|          0|
    |tmp_data_V_11_reg_3641   |  16|   0|   16|          0|
    |tmp_data_V_12_reg_3650   |  16|   0|   16|          0|
    |tmp_data_V_13_reg_3659   |  16|   0|   16|          0|
    |tmp_data_V_14_reg_3668   |  16|   0|   16|          0|
    |tmp_data_V_15_reg_3677   |  16|   0|   16|          0|
    |tmp_data_V_16_reg_3686   |  16|   0|   16|          0|
    |tmp_data_V_17_reg_3695   |  16|   0|   16|          0|
    |tmp_data_V_18_reg_3704   |  16|   0|   16|          0|
    |tmp_data_V_19_reg_3713   |  16|   0|   16|          0|
    |tmp_data_V_1_reg_3551    |  16|   0|   16|          0|
    |tmp_data_V_20_reg_3722   |  16|   0|   16|          0|
    |tmp_data_V_21_reg_3731   |  16|   0|   16|          0|
    |tmp_data_V_22_reg_3740   |  16|   0|   16|          0|
    |tmp_data_V_23_reg_3749   |  16|   0|   16|          0|
    |tmp_data_V_2_reg_3560    |  16|   0|   16|          0|
    |tmp_data_V_3_reg_3569    |  16|   0|   16|          0|
    |tmp_data_V_437_reg_3578  |  16|   0|   16|          0|
    |tmp_data_V_5_reg_3587    |  16|   0|   16|          0|
    |tmp_data_V_6_reg_3596    |  16|   0|   16|          0|
    |tmp_data_V_7_reg_3605    |  16|   0|   16|          0|
    |tmp_data_V_8_reg_3614    |  16|   0|   16|          0|
    |tmp_data_V_9_reg_3623    |  16|   0|   16|          0|
    |icmp_ln41_reg_3533       |  64|  32|    1|          0|
    +-------------------------+----+----+-----+-----------+
    |Total                    | 679|  32|  616|          0|
    +-------------------------+----+----+-----+-----------+



================================================================
== Interface
================================================================
* Summary: 
+--------------------------+-----+-----+------------+-------------------------------------------------------------------------+--------------+
|         RTL Ports        | Dir | Bits|  Protocol  |                              Source Object                              |    C Type    |
+--------------------------+-----+-----+------------+-------------------------------------------------------------------------+--------------+
|ap_clk                    |  in |    1| ap_ctrl_hs | relu<array<ap_fixed,24u>,array<ap_ufixed<6,0,4,0,0>,24u>,relu_config12> | return value |
|ap_rst                    |  in |    1| ap_ctrl_hs | relu<array<ap_fixed,24u>,array<ap_ufixed<6,0,4,0,0>,24u>,relu_config12> | return value |
|ap_start                  |  in |    1| ap_ctrl_hs | relu<array<ap_fixed,24u>,array<ap_ufixed<6,0,4,0,0>,24u>,relu_config12> | return value |
|start_full_n              |  in |    1| ap_ctrl_hs | relu<array<ap_fixed,24u>,array<ap_ufixed<6,0,4,0,0>,24u>,relu_config12> | return value |
|ap_done                   | out |    1| ap_ctrl_hs | relu<array<ap_fixed,24u>,array<ap_ufixed<6,0,4,0,0>,24u>,relu_config12> | return value |
|ap_continue               |  in |    1| ap_ctrl_hs | relu<array<ap_fixed,24u>,array<ap_ufixed<6,0,4,0,0>,24u>,relu_config12> | return value |
|ap_idle                   | out |    1| ap_ctrl_hs | relu<array<ap_fixed,24u>,array<ap_ufixed<6,0,4,0,0>,24u>,relu_config12> | return value |
|ap_ready                  | out |    1| ap_ctrl_hs | relu<array<ap_fixed,24u>,array<ap_ufixed<6,0,4,0,0>,24u>,relu_config12> | return value |
|start_out                 | out |    1| ap_ctrl_hs | relu<array<ap_fixed,24u>,array<ap_ufixed<6,0,4,0,0>,24u>,relu_config12> | return value |
|start_write               | out |    1| ap_ctrl_hs | relu<array<ap_fixed,24u>,array<ap_ufixed<6,0,4,0,0>,24u>,relu_config12> | return value |
|data_V_data_0_V_dout      |  in |   16|   ap_fifo  |                             data_V_data_0_V                             |    pointer   |
|data_V_data_0_V_empty_n   |  in |    1|   ap_fifo  |                             data_V_data_0_V                             |    pointer   |
|data_V_data_0_V_read      | out |    1|   ap_fifo  |                             data_V_data_0_V                             |    pointer   |
|data_V_data_1_V_dout      |  in |   16|   ap_fifo  |                             data_V_data_1_V                             |    pointer   |
|data_V_data_1_V_empty_n   |  in |    1|   ap_fifo  |                             data_V_data_1_V                             |    pointer   |
|data_V_data_1_V_read      | out |    1|   ap_fifo  |                             data_V_data_1_V                             |    pointer   |
|data_V_data_2_V_dout      |  in |   16|   ap_fifo  |                             data_V_data_2_V                             |    pointer   |
|data_V_data_2_V_empty_n   |  in |    1|   ap_fifo  |                             data_V_data_2_V                             |    pointer   |
|data_V_data_2_V_read      | out |    1|   ap_fifo  |                             data_V_data_2_V                             |    pointer   |
|data_V_data_3_V_dout      |  in |   16|   ap_fifo  |                             data_V_data_3_V                             |    pointer   |
|data_V_data_3_V_empty_n   |  in |    1|   ap_fifo  |                             data_V_data_3_V                             |    pointer   |
|data_V_data_3_V_read      | out |    1|   ap_fifo  |                             data_V_data_3_V                             |    pointer   |
|data_V_data_4_V_dout      |  in |   16|   ap_fifo  |                             data_V_data_4_V                             |    pointer   |
|data_V_data_4_V_empty_n   |  in |    1|   ap_fifo  |                             data_V_data_4_V                             |    pointer   |
|data_V_data_4_V_read      | out |    1|   ap_fifo  |                             data_V_data_4_V                             |    pointer   |
|data_V_data_5_V_dout      |  in |   16|   ap_fifo  |                             data_V_data_5_V                             |    pointer   |
|data_V_data_5_V_empty_n   |  in |    1|   ap_fifo  |                             data_V_data_5_V                             |    pointer   |
|data_V_data_5_V_read      | out |    1|   ap_fifo  |                             data_V_data_5_V                             |    pointer   |
|data_V_data_6_V_dout      |  in |   16|   ap_fifo  |                             data_V_data_6_V                             |    pointer   |
|data_V_data_6_V_empty_n   |  in |    1|   ap_fifo  |                             data_V_data_6_V                             |    pointer   |
|data_V_data_6_V_read      | out |    1|   ap_fifo  |                             data_V_data_6_V                             |    pointer   |
|data_V_data_7_V_dout      |  in |   16|   ap_fifo  |                             data_V_data_7_V                             |    pointer   |
|data_V_data_7_V_empty_n   |  in |    1|   ap_fifo  |                             data_V_data_7_V                             |    pointer   |
|data_V_data_7_V_read      | out |    1|   ap_fifo  |                             data_V_data_7_V                             |    pointer   |
|data_V_data_8_V_dout      |  in |   16|   ap_fifo  |                             data_V_data_8_V                             |    pointer   |
|data_V_data_8_V_empty_n   |  in |    1|   ap_fifo  |                             data_V_data_8_V                             |    pointer   |
|data_V_data_8_V_read      | out |    1|   ap_fifo  |                             data_V_data_8_V                             |    pointer   |
|data_V_data_9_V_dout      |  in |   16|   ap_fifo  |                             data_V_data_9_V                             |    pointer   |
|data_V_data_9_V_empty_n   |  in |    1|   ap_fifo  |                             data_V_data_9_V                             |    pointer   |
|data_V_data_9_V_read      | out |    1|   ap_fifo  |                             data_V_data_9_V                             |    pointer   |
|data_V_data_10_V_dout     |  in |   16|   ap_fifo  |                             data_V_data_10_V                            |    pointer   |
|data_V_data_10_V_empty_n  |  in |    1|   ap_fifo  |                             data_V_data_10_V                            |    pointer   |
|data_V_data_10_V_read     | out |    1|   ap_fifo  |                             data_V_data_10_V                            |    pointer   |
|data_V_data_11_V_dout     |  in |   16|   ap_fifo  |                             data_V_data_11_V                            |    pointer   |
|data_V_data_11_V_empty_n  |  in |    1|   ap_fifo  |                             data_V_data_11_V                            |    pointer   |
|data_V_data_11_V_read     | out |    1|   ap_fifo  |                             data_V_data_11_V                            |    pointer   |
|data_V_data_12_V_dout     |  in |   16|   ap_fifo  |                             data_V_data_12_V                            |    pointer   |
|data_V_data_12_V_empty_n  |  in |    1|   ap_fifo  |                             data_V_data_12_V                            |    pointer   |
|data_V_data_12_V_read     | out |    1|   ap_fifo  |                             data_V_data_12_V                            |    pointer   |
|data_V_data_13_V_dout     |  in |   16|   ap_fifo  |                             data_V_data_13_V                            |    pointer   |
|data_V_data_13_V_empty_n  |  in |    1|   ap_fifo  |                             data_V_data_13_V                            |    pointer   |
|data_V_data_13_V_read     | out |    1|   ap_fifo  |                             data_V_data_13_V                            |    pointer   |
|data_V_data_14_V_dout     |  in |   16|   ap_fifo  |                             data_V_data_14_V                            |    pointer   |
|data_V_data_14_V_empty_n  |  in |    1|   ap_fifo  |                             data_V_data_14_V                            |    pointer   |
|data_V_data_14_V_read     | out |    1|   ap_fifo  |                             data_V_data_14_V                            |    pointer   |
|data_V_data_15_V_dout     |  in |   16|   ap_fifo  |                             data_V_data_15_V                            |    pointer   |
|data_V_data_15_V_empty_n  |  in |    1|   ap_fifo  |                             data_V_data_15_V                            |    pointer   |
|data_V_data_15_V_read     | out |    1|   ap_fifo  |                             data_V_data_15_V                            |    pointer   |
|data_V_data_16_V_dout     |  in |   16|   ap_fifo  |                             data_V_data_16_V                            |    pointer   |
|data_V_data_16_V_empty_n  |  in |    1|   ap_fifo  |                             data_V_data_16_V                            |    pointer   |
|data_V_data_16_V_read     | out |    1|   ap_fifo  |                             data_V_data_16_V                            |    pointer   |
|data_V_data_17_V_dout     |  in |   16|   ap_fifo  |                             data_V_data_17_V                            |    pointer   |
|data_V_data_17_V_empty_n  |  in |    1|   ap_fifo  |                             data_V_data_17_V                            |    pointer   |
|data_V_data_17_V_read     | out |    1|   ap_fifo  |                             data_V_data_17_V                            |    pointer   |
|data_V_data_18_V_dout     |  in |   16|   ap_fifo  |                             data_V_data_18_V                            |    pointer   |
|data_V_data_18_V_empty_n  |  in |    1|   ap_fifo  |                             data_V_data_18_V                            |    pointer   |
|data_V_data_18_V_read     | out |    1|   ap_fifo  |                             data_V_data_18_V                            |    pointer   |
|data_V_data_19_V_dout     |  in |   16|   ap_fifo  |                             data_V_data_19_V                            |    pointer   |
|data_V_data_19_V_empty_n  |  in |    1|   ap_fifo  |                             data_V_data_19_V                            |    pointer   |
|data_V_data_19_V_read     | out |    1|   ap_fifo  |                             data_V_data_19_V                            |    pointer   |
|data_V_data_20_V_dout     |  in |   16|   ap_fifo  |                             data_V_data_20_V                            |    pointer   |
|data_V_data_20_V_empty_n  |  in |    1|   ap_fifo  |                             data_V_data_20_V                            |    pointer   |
|data_V_data_20_V_read     | out |    1|   ap_fifo  |                             data_V_data_20_V                            |    pointer   |
|data_V_data_21_V_dout     |  in |   16|   ap_fifo  |                             data_V_data_21_V                            |    pointer   |
|data_V_data_21_V_empty_n  |  in |    1|   ap_fifo  |                             data_V_data_21_V                            |    pointer   |
|data_V_data_21_V_read     | out |    1|   ap_fifo  |                             data_V_data_21_V                            |    pointer   |
|data_V_data_22_V_dout     |  in |   16|   ap_fifo  |                             data_V_data_22_V                            |    pointer   |
|data_V_data_22_V_empty_n  |  in |    1|   ap_fifo  |                             data_V_data_22_V                            |    pointer   |
|data_V_data_22_V_read     | out |    1|   ap_fifo  |                             data_V_data_22_V                            |    pointer   |
|data_V_data_23_V_dout     |  in |   16|   ap_fifo  |                             data_V_data_23_V                            |    pointer   |
|data_V_data_23_V_empty_n  |  in |    1|   ap_fifo  |                             data_V_data_23_V                            |    pointer   |
|data_V_data_23_V_read     | out |    1|   ap_fifo  |                             data_V_data_23_V                            |    pointer   |
|res_V_data_0_V_din        | out |    6|   ap_fifo  |                              res_V_data_0_V                             |    pointer   |
|res_V_data_0_V_full_n     |  in |    1|   ap_fifo  |                              res_V_data_0_V                             |    pointer   |
|res_V_data_0_V_write      | out |    1|   ap_fifo  |                              res_V_data_0_V                             |    pointer   |
|res_V_data_1_V_din        | out |    6|   ap_fifo  |                              res_V_data_1_V                             |    pointer   |
|res_V_data_1_V_full_n     |  in |    1|   ap_fifo  |                              res_V_data_1_V                             |    pointer   |
|res_V_data_1_V_write      | out |    1|   ap_fifo  |                              res_V_data_1_V                             |    pointer   |
|res_V_data_2_V_din        | out |    6|   ap_fifo  |                              res_V_data_2_V                             |    pointer   |
|res_V_data_2_V_full_n     |  in |    1|   ap_fifo  |                              res_V_data_2_V                             |    pointer   |
|res_V_data_2_V_write      | out |    1|   ap_fifo  |                              res_V_data_2_V                             |    pointer   |
|res_V_data_3_V_din        | out |    6|   ap_fifo  |                              res_V_data_3_V                             |    pointer   |
|res_V_data_3_V_full_n     |  in |    1|   ap_fifo  |                              res_V_data_3_V                             |    pointer   |
|res_V_data_3_V_write      | out |    1|   ap_fifo  |                              res_V_data_3_V                             |    pointer   |
|res_V_data_4_V_din        | out |    6|   ap_fifo  |                              res_V_data_4_V                             |    pointer   |
|res_V_data_4_V_full_n     |  in |    1|   ap_fifo  |                              res_V_data_4_V                             |    pointer   |
|res_V_data_4_V_write      | out |    1|   ap_fifo  |                              res_V_data_4_V                             |    pointer   |
|res_V_data_5_V_din        | out |    6|   ap_fifo  |                              res_V_data_5_V                             |    pointer   |
|res_V_data_5_V_full_n     |  in |    1|   ap_fifo  |                              res_V_data_5_V                             |    pointer   |
|res_V_data_5_V_write      | out |    1|   ap_fifo  |                              res_V_data_5_V                             |    pointer   |
|res_V_data_6_V_din        | out |    6|   ap_fifo  |                              res_V_data_6_V                             |    pointer   |
|res_V_data_6_V_full_n     |  in |    1|   ap_fifo  |                              res_V_data_6_V                             |    pointer   |
|res_V_data_6_V_write      | out |    1|   ap_fifo  |                              res_V_data_6_V                             |    pointer   |
|res_V_data_7_V_din        | out |    6|   ap_fifo  |                              res_V_data_7_V                             |    pointer   |
|res_V_data_7_V_full_n     |  in |    1|   ap_fifo  |                              res_V_data_7_V                             |    pointer   |
|res_V_data_7_V_write      | out |    1|   ap_fifo  |                              res_V_data_7_V                             |    pointer   |
|res_V_data_8_V_din        | out |    6|   ap_fifo  |                              res_V_data_8_V                             |    pointer   |
|res_V_data_8_V_full_n     |  in |    1|   ap_fifo  |                              res_V_data_8_V                             |    pointer   |
|res_V_data_8_V_write      | out |    1|   ap_fifo  |                              res_V_data_8_V                             |    pointer   |
|res_V_data_9_V_din        | out |    6|   ap_fifo  |                              res_V_data_9_V                             |    pointer   |
|res_V_data_9_V_full_n     |  in |    1|   ap_fifo  |                              res_V_data_9_V                             |    pointer   |
|res_V_data_9_V_write      | out |    1|   ap_fifo  |                              res_V_data_9_V                             |    pointer   |
|res_V_data_10_V_din       | out |    6|   ap_fifo  |                             res_V_data_10_V                             |    pointer   |
|res_V_data_10_V_full_n    |  in |    1|   ap_fifo  |                             res_V_data_10_V                             |    pointer   |
|res_V_data_10_V_write     | out |    1|   ap_fifo  |                             res_V_data_10_V                             |    pointer   |
|res_V_data_11_V_din       | out |    6|   ap_fifo  |                             res_V_data_11_V                             |    pointer   |
|res_V_data_11_V_full_n    |  in |    1|   ap_fifo  |                             res_V_data_11_V                             |    pointer   |
|res_V_data_11_V_write     | out |    1|   ap_fifo  |                             res_V_data_11_V                             |    pointer   |
|res_V_data_12_V_din       | out |    6|   ap_fifo  |                             res_V_data_12_V                             |    pointer   |
|res_V_data_12_V_full_n    |  in |    1|   ap_fifo  |                             res_V_data_12_V                             |    pointer   |
|res_V_data_12_V_write     | out |    1|   ap_fifo  |                             res_V_data_12_V                             |    pointer   |
|res_V_data_13_V_din       | out |    6|   ap_fifo  |                             res_V_data_13_V                             |    pointer   |
|res_V_data_13_V_full_n    |  in |    1|   ap_fifo  |                             res_V_data_13_V                             |    pointer   |
|res_V_data_13_V_write     | out |    1|   ap_fifo  |                             res_V_data_13_V                             |    pointer   |
|res_V_data_14_V_din       | out |    6|   ap_fifo  |                             res_V_data_14_V                             |    pointer   |
|res_V_data_14_V_full_n    |  in |    1|   ap_fifo  |                             res_V_data_14_V                             |    pointer   |
|res_V_data_14_V_write     | out |    1|   ap_fifo  |                             res_V_data_14_V                             |    pointer   |
|res_V_data_15_V_din       | out |    6|   ap_fifo  |                             res_V_data_15_V                             |    pointer   |
|res_V_data_15_V_full_n    |  in |    1|   ap_fifo  |                             res_V_data_15_V                             |    pointer   |
|res_V_data_15_V_write     | out |    1|   ap_fifo  |                             res_V_data_15_V                             |    pointer   |
|res_V_data_16_V_din       | out |    6|   ap_fifo  |                             res_V_data_16_V                             |    pointer   |
|res_V_data_16_V_full_n    |  in |    1|   ap_fifo  |                             res_V_data_16_V                             |    pointer   |
|res_V_data_16_V_write     | out |    1|   ap_fifo  |                             res_V_data_16_V                             |    pointer   |
|res_V_data_17_V_din       | out |    6|   ap_fifo  |                             res_V_data_17_V                             |    pointer   |
|res_V_data_17_V_full_n    |  in |    1|   ap_fifo  |                             res_V_data_17_V                             |    pointer   |
|res_V_data_17_V_write     | out |    1|   ap_fifo  |                             res_V_data_17_V                             |    pointer   |
|res_V_data_18_V_din       | out |    6|   ap_fifo  |                             res_V_data_18_V                             |    pointer   |
|res_V_data_18_V_full_n    |  in |    1|   ap_fifo  |                             res_V_data_18_V                             |    pointer   |
|res_V_data_18_V_write     | out |    1|   ap_fifo  |                             res_V_data_18_V                             |    pointer   |
|res_V_data_19_V_din       | out |    6|   ap_fifo  |                             res_V_data_19_V                             |    pointer   |
|res_V_data_19_V_full_n    |  in |    1|   ap_fifo  |                             res_V_data_19_V                             |    pointer   |
|res_V_data_19_V_write     | out |    1|   ap_fifo  |                             res_V_data_19_V                             |    pointer   |
|res_V_data_20_V_din       | out |    6|   ap_fifo  |                             res_V_data_20_V                             |    pointer   |
|res_V_data_20_V_full_n    |  in |    1|   ap_fifo  |                             res_V_data_20_V                             |    pointer   |
|res_V_data_20_V_write     | out |    1|   ap_fifo  |                             res_V_data_20_V                             |    pointer   |
|res_V_data_21_V_din       | out |    6|   ap_fifo  |                             res_V_data_21_V                             |    pointer   |
|res_V_data_21_V_full_n    |  in |    1|   ap_fifo  |                             res_V_data_21_V                             |    pointer   |
|res_V_data_21_V_write     | out |    1|   ap_fifo  |                             res_V_data_21_V                             |    pointer   |
|res_V_data_22_V_din       | out |    6|   ap_fifo  |                             res_V_data_22_V                             |    pointer   |
|res_V_data_22_V_full_n    |  in |    1|   ap_fifo  |                             res_V_data_22_V                             |    pointer   |
|res_V_data_22_V_write     | out |    1|   ap_fifo  |                             res_V_data_22_V                             |    pointer   |
|res_V_data_23_V_din       | out |    6|   ap_fifo  |                             res_V_data_23_V                             |    pointer   |
|res_V_data_23_V_full_n    |  in |    1|   ap_fifo  |                             res_V_data_23_V                             |    pointer   |
|res_V_data_23_V_write     | out |    1|   ap_fifo  |                             res_V_data_23_V                             |    pointer   |
+--------------------------+-----+-----+------------+-------------------------------------------------------------------------+--------------+

