

================================================================
== Vivado HLS Report for 'myproject_axi'
================================================================
* Date:           Wed Apr 10 16:33:29 2024

* Version:        2019.2 (Build 2704478 on Wed Nov 06 22:10:23 MST 2019)
* Project:        myproject_prj
* Solution:       solution1
* Product family: zynquplus
* Target device:  xczu5ev-sfvc784-2LV-e


================================================================
== Performance Estimates
================================================================
+ Timing: 
    * Summary: 
    +--------+---------+----------+------------+
    |  Clock |  Target | Estimated| Uncertainty|
    +--------+---------+----------+------------+
    |ap_clk  | 5.00 ns | 4.375 ns |   0.62 ns  |
    +--------+---------+----------+------------+

+ Latency: 
    * Summary: 
    +---------+---------+----------+----------+-------+--------+----------+
    |  Latency (cycles) |  Latency (absolute) |    Interval    | Pipeline |
    |   min   |   max   |    min   |    max   |  min  |   max  |   Type   |
    +---------+---------+----------+----------+-------+--------+----------+
    |   467634|   467635| 2.338 ms | 2.338 ms |  57346|  466946| dataflow |
    +---------+---------+----------+----------+-------+--------+----------+

    + Detail: 
        * Instance: 
        N/A

        * Loop: 
        N/A

============================================================
+ Verbose Summary: Synthesis Manager
============================================================
InlineROM: 1
ExposeGlobal: 0
============================================================
+ Verbose Summary: CDFG Model
============================================================
IsTopModel: 1
ResetActiveHigh: 1
IsCombinational: 2
IsDatapathOnly: 0
HasWiredReturn: 1
HasMFsm: 0
HasVarLatency: 1
IsPipeline: 0
IsRtlPipelined: 0
IsInstanceOverlapped: 0
IsDontTouch: 0
HasImplIP: 0
IsGatedGlobalClock: 0


============================================================
+ Verbose Summary: Schedule
============================================================
* Number of FSM states : 9
* Pipeline : 0
* Dataflow Pipeline: 1
  DF-Pipeline-0: Size = 9, States = { 1 2 3 4 5 6 7 8 9 }

* FSM state transitions: 
1 --> 2 
2 --> 3 
3 --> 4 
4 --> 5 
5 --> 6 
6 --> 7 
7 --> 8 
8 --> 9 
9 --> 

* FSM state operations: 

State 1 <SV = 0> <Delay = 0.00>
ST_1 : Operation 10 [1/1] (0.00ns)   --->   "%in_local_V_data_0_V = alloca i16, align 2"   --->   Operation 10 'alloca' 'in_local_V_data_0_V' <Predicate = true> <Delay = 0.00> <Core = "FIFO">   --->   Core 32 'FIFO' <Latency = 0> <II = 1> <Delay = 1.83> <Storage> <Opcode : 'read' 'write' 'nbread' 'nbwrite'> <Ports = 0> <Width = 16> <Depth = 1> <FIFO>
ST_1 : Operation 11 [1/1] (0.00ns)   --->   "%in_local_V_data_1_V = alloca i16, align 2"   --->   Operation 11 'alloca' 'in_local_V_data_1_V' <Predicate = true> <Delay = 0.00> <Core = "FIFO">   --->   Core 32 'FIFO' <Latency = 0> <II = 1> <Delay = 1.83> <Storage> <Opcode : 'read' 'write' 'nbread' 'nbwrite'> <Ports = 0> <Width = 16> <Depth = 1> <FIFO>
ST_1 : Operation 12 [1/1] (0.00ns)   --->   "%in_local_V_data_2_V = alloca i16, align 2"   --->   Operation 12 'alloca' 'in_local_V_data_2_V' <Predicate = true> <Delay = 0.00> <Core = "FIFO">   --->   Core 32 'FIFO' <Latency = 0> <II = 1> <Delay = 1.83> <Storage> <Opcode : 'read' 'write' 'nbread' 'nbwrite'> <Ports = 0> <Width = 16> <Depth = 1> <FIFO>
ST_1 : Operation 13 [1/1] (0.00ns)   --->   "%out_local_V_data_0_V = alloca i16, align 2" [firmware/myproject_axi.cpp:12]   --->   Operation 13 'alloca' 'out_local_V_data_0_V' <Predicate = true> <Delay = 0.00> <Core = "FIFO">   --->   Core 32 'FIFO' <Latency = 0> <II = 1> <Delay = 1.83> <Storage> <Opcode : 'read' 'write' 'nbread' 'nbwrite'> <Ports = 0> <Width = 16> <Depth = 1> <FIFO>
ST_1 : Operation 14 [1/1] (0.00ns)   --->   "%out_local_V_data_1_V = alloca i16, align 2" [firmware/myproject_axi.cpp:12]   --->   Operation 14 'alloca' 'out_local_V_data_1_V' <Predicate = true> <Delay = 0.00> <Core = "FIFO">   --->   Core 32 'FIFO' <Latency = 0> <II = 1> <Delay = 1.83> <Storage> <Opcode : 'read' 'write' 'nbread' 'nbwrite'> <Ports = 0> <Width = 16> <Depth = 1> <FIFO>
ST_1 : Operation 15 [1/1] (0.00ns)   --->   "%out_local_V_data_2_V = alloca i16, align 2" [firmware/myproject_axi.cpp:12]   --->   Operation 15 'alloca' 'out_local_V_data_2_V' <Predicate = true> <Delay = 0.00> <Core = "FIFO">   --->   Core 32 'FIFO' <Latency = 0> <II = 1> <Delay = 1.83> <Storage> <Opcode : 'read' 'write' 'nbread' 'nbwrite'> <Ports = 0> <Width = 16> <Depth = 1> <FIFO>
ST_1 : Operation 16 [1/1] (0.00ns)   --->   "%out_local_V_data_3_V = alloca i16, align 2" [firmware/myproject_axi.cpp:12]   --->   Operation 16 'alloca' 'out_local_V_data_3_V' <Predicate = true> <Delay = 0.00> <Core = "FIFO">   --->   Core 32 'FIFO' <Latency = 0> <II = 1> <Delay = 1.83> <Storage> <Opcode : 'read' 'write' 'nbread' 'nbwrite'> <Ports = 0> <Width = 16> <Depth = 1> <FIFO>
ST_1 : Operation 17 [1/1] (0.00ns)   --->   "%out_local_V_data_4_V = alloca i16, align 2" [firmware/myproject_axi.cpp:12]   --->   Operation 17 'alloca' 'out_local_V_data_4_V' <Predicate = true> <Delay = 0.00> <Core = "FIFO">   --->   Core 32 'FIFO' <Latency = 0> <II = 1> <Delay = 1.83> <Storage> <Opcode : 'read' 'write' 'nbread' 'nbwrite'> <Ports = 0> <Width = 16> <Depth = 1> <FIFO>
ST_1 : Operation 18 [1/1] (0.00ns)   --->   "%out_local_V_data_5_V = alloca i16, align 2" [firmware/myproject_axi.cpp:12]   --->   Operation 18 'alloca' 'out_local_V_data_5_V' <Predicate = true> <Delay = 0.00> <Core = "FIFO">   --->   Core 32 'FIFO' <Latency = 0> <II = 1> <Delay = 1.83> <Storage> <Opcode : 'read' 'write' 'nbread' 'nbwrite'> <Ports = 0> <Width = 16> <Depth = 1> <FIFO>
ST_1 : Operation 19 [1/1] (0.00ns)   --->   "%out_local_V_data_6_V = alloca i16, align 2" [firmware/myproject_axi.cpp:12]   --->   Operation 19 'alloca' 'out_local_V_data_6_V' <Predicate = true> <Delay = 0.00> <Core = "FIFO">   --->   Core 32 'FIFO' <Latency = 0> <II = 1> <Delay = 1.83> <Storage> <Opcode : 'read' 'write' 'nbread' 'nbwrite'> <Ports = 0> <Width = 16> <Depth = 1> <FIFO>
ST_1 : Operation 20 [1/1] (0.00ns)   --->   "%out_local_V_data_7_V = alloca i16, align 2" [firmware/myproject_axi.cpp:12]   --->   Operation 20 'alloca' 'out_local_V_data_7_V' <Predicate = true> <Delay = 0.00> <Core = "FIFO">   --->   Core 32 'FIFO' <Latency = 0> <II = 1> <Delay = 1.83> <Storage> <Opcode : 'read' 'write' 'nbread' 'nbwrite'> <Ports = 0> <Width = 16> <Depth = 1> <FIFO>
ST_1 : Operation 21 [1/1] (0.00ns)   --->   "%out_local_V_data_8_V = alloca i16, align 2" [firmware/myproject_axi.cpp:12]   --->   Operation 21 'alloca' 'out_local_V_data_8_V' <Predicate = true> <Delay = 0.00> <Core = "FIFO">   --->   Core 32 'FIFO' <Latency = 0> <II = 1> <Delay = 1.83> <Storage> <Opcode : 'read' 'write' 'nbread' 'nbwrite'> <Ports = 0> <Width = 16> <Depth = 1> <FIFO>
ST_1 : Operation 22 [1/1] (0.00ns)   --->   "%out_local_V_data_9_V = alloca i16, align 2" [firmware/myproject_axi.cpp:12]   --->   Operation 22 'alloca' 'out_local_V_data_9_V' <Predicate = true> <Delay = 0.00> <Core = "FIFO">   --->   Core 32 'FIFO' <Latency = 0> <II = 1> <Delay = 1.83> <Storage> <Opcode : 'read' 'write' 'nbread' 'nbwrite'> <Ports = 0> <Width = 16> <Depth = 1> <FIFO>
ST_1 : Operation 23 [1/1] (0.00ns)   --->   "%out_local_V_data_10_V = alloca i16, align 2" [firmware/myproject_axi.cpp:12]   --->   Operation 23 'alloca' 'out_local_V_data_10_V' <Predicate = true> <Delay = 0.00> <Core = "FIFO">   --->   Core 32 'FIFO' <Latency = 0> <II = 1> <Delay = 1.83> <Storage> <Opcode : 'read' 'write' 'nbread' 'nbwrite'> <Ports = 0> <Width = 16> <Depth = 1> <FIFO>
ST_1 : Operation 24 [1/1] (0.00ns)   --->   "%out_local_V_data_11_V = alloca i16, align 2" [firmware/myproject_axi.cpp:12]   --->   Operation 24 'alloca' 'out_local_V_data_11_V' <Predicate = true> <Delay = 0.00> <Core = "FIFO">   --->   Core 32 'FIFO' <Latency = 0> <II = 1> <Delay = 1.83> <Storage> <Opcode : 'read' 'write' 'nbread' 'nbwrite'> <Ports = 0> <Width = 16> <Depth = 1> <FIFO>
ST_1 : Operation 25 [1/1] (0.00ns)   --->   "%out_local_V_data_12_V = alloca i16, align 2" [firmware/myproject_axi.cpp:12]   --->   Operation 25 'alloca' 'out_local_V_data_12_V' <Predicate = true> <Delay = 0.00> <Core = "FIFO">   --->   Core 32 'FIFO' <Latency = 0> <II = 1> <Delay = 1.83> <Storage> <Opcode : 'read' 'write' 'nbread' 'nbwrite'> <Ports = 0> <Width = 16> <Depth = 1> <FIFO>
ST_1 : Operation 26 [1/1] (0.00ns)   --->   "%tmp_data_V_0 = alloca i16, align 2"   --->   Operation 26 'alloca' 'tmp_data_V_0' <Predicate = true> <Delay = 0.00> <Core = "FIFO">   --->   Core 32 'FIFO' <Latency = 0> <II = 1> <Delay = 1.83> <Storage> <Opcode : 'read' 'write' 'nbread' 'nbwrite'> <Ports = 0> <Width = 16> <Depth = 1> <FIFO>
ST_1 : Operation 27 [1/1] (0.00ns)   --->   "%tmp_data_V_1 = alloca i16, align 2"   --->   Operation 27 'alloca' 'tmp_data_V_1' <Predicate = true> <Delay = 0.00> <Core = "FIFO">   --->   Core 32 'FIFO' <Latency = 0> <II = 1> <Delay = 1.83> <Storage> <Opcode : 'read' 'write' 'nbread' 'nbwrite'> <Ports = 0> <Width = 16> <Depth = 1> <FIFO>
ST_1 : Operation 28 [1/1] (0.00ns)   --->   "%tmp_data_V_2 = alloca i16, align 2"   --->   Operation 28 'alloca' 'tmp_data_V_2' <Predicate = true> <Delay = 0.00> <Core = "FIFO">   --->   Core 32 'FIFO' <Latency = 0> <II = 1> <Delay = 1.83> <Storage> <Opcode : 'read' 'write' 'nbread' 'nbwrite'> <Ports = 0> <Width = 16> <Depth = 1> <FIFO>
ST_1 : Operation 29 [1/1] (0.00ns)   --->   "%tmp_data_V_3 = alloca i16, align 2"   --->   Operation 29 'alloca' 'tmp_data_V_3' <Predicate = true> <Delay = 0.00> <Core = "FIFO">   --->   Core 32 'FIFO' <Latency = 0> <II = 1> <Delay = 1.83> <Storage> <Opcode : 'read' 'write' 'nbread' 'nbwrite'> <Ports = 0> <Width = 16> <Depth = 1> <FIFO>
ST_1 : Operation 30 [1/1] (0.00ns)   --->   "%tmp_data_V_4 = alloca i16, align 2"   --->   Operation 30 'alloca' 'tmp_data_V_4' <Predicate = true> <Delay = 0.00> <Core = "FIFO">   --->   Core 32 'FIFO' <Latency = 0> <II = 1> <Delay = 1.83> <Storage> <Opcode : 'read' 'write' 'nbread' 'nbwrite'> <Ports = 0> <Width = 16> <Depth = 1> <FIFO>
ST_1 : Operation 31 [1/1] (0.00ns)   --->   "%tmp_data_V_5 = alloca i16, align 2"   --->   Operation 31 'alloca' 'tmp_data_V_5' <Predicate = true> <Delay = 0.00> <Core = "FIFO">   --->   Core 32 'FIFO' <Latency = 0> <II = 1> <Delay = 1.83> <Storage> <Opcode : 'read' 'write' 'nbread' 'nbwrite'> <Ports = 0> <Width = 16> <Depth = 1> <FIFO>
ST_1 : Operation 32 [1/1] (0.00ns)   --->   "%tmp_data_V_6 = alloca i16, align 2"   --->   Operation 32 'alloca' 'tmp_data_V_6' <Predicate = true> <Delay = 0.00> <Core = "FIFO">   --->   Core 32 'FIFO' <Latency = 0> <II = 1> <Delay = 1.83> <Storage> <Opcode : 'read' 'write' 'nbread' 'nbwrite'> <Ports = 0> <Width = 16> <Depth = 1> <FIFO>
ST_1 : Operation 33 [1/1] (0.00ns)   --->   "%tmp_data_V_727 = alloca i16, align 2"   --->   Operation 33 'alloca' 'tmp_data_V_727' <Predicate = true> <Delay = 0.00> <Core = "FIFO">   --->   Core 32 'FIFO' <Latency = 0> <II = 1> <Delay = 1.83> <Storage> <Opcode : 'read' 'write' 'nbread' 'nbwrite'> <Ports = 0> <Width = 16> <Depth = 1> <FIFO>
ST_1 : Operation 34 [1/1] (0.00ns)   --->   "%tmp_data_V_8 = alloca i16, align 2"   --->   Operation 34 'alloca' 'tmp_data_V_8' <Predicate = true> <Delay = 0.00> <Core = "FIFO">   --->   Core 32 'FIFO' <Latency = 0> <II = 1> <Delay = 1.83> <Storage> <Opcode : 'read' 'write' 'nbread' 'nbwrite'> <Ports = 0> <Width = 16> <Depth = 1> <FIFO>
ST_1 : Operation 35 [1/1] (0.00ns)   --->   "%tmp_data_V_9 = alloca i16, align 2"   --->   Operation 35 'alloca' 'tmp_data_V_9' <Predicate = true> <Delay = 0.00> <Core = "FIFO">   --->   Core 32 'FIFO' <Latency = 0> <II = 1> <Delay = 1.83> <Storage> <Opcode : 'read' 'write' 'nbread' 'nbwrite'> <Ports = 0> <Width = 16> <Depth = 1> <FIFO>
ST_1 : Operation 36 [1/1] (0.00ns)   --->   "%tmp_data_V_10 = alloca i16, align 2"   --->   Operation 36 'alloca' 'tmp_data_V_10' <Predicate = true> <Delay = 0.00> <Core = "FIFO">   --->   Core 32 'FIFO' <Latency = 0> <II = 1> <Delay = 1.83> <Storage> <Opcode : 'read' 'write' 'nbread' 'nbwrite'> <Ports = 0> <Width = 16> <Depth = 1> <FIFO>
ST_1 : Operation 37 [1/1] (0.00ns)   --->   "%tmp_data_V_11 = alloca i16, align 2"   --->   Operation 37 'alloca' 'tmp_data_V_11' <Predicate = true> <Delay = 0.00> <Core = "FIFO">   --->   Core 32 'FIFO' <Latency = 0> <II = 1> <Delay = 1.83> <Storage> <Opcode : 'read' 'write' 'nbread' 'nbwrite'> <Ports = 0> <Width = 16> <Depth = 1> <FIFO>
ST_1 : Operation 38 [1/1] (0.00ns)   --->   "%tmp_data_V_12 = alloca i16, align 2"   --->   Operation 38 'alloca' 'tmp_data_V_12' <Predicate = true> <Delay = 0.00> <Core = "FIFO">   --->   Core 32 'FIFO' <Latency = 0> <II = 1> <Delay = 1.83> <Storage> <Opcode : 'read' 'write' 'nbread' 'nbwrite'> <Ports = 0> <Width = 16> <Depth = 1> <FIFO>

State 2 <SV = 1> <Delay = 0.00>
ST_2 : Operation 39 [2/2] (0.00ns)   --->   "%is_last_0_i_loc_channel = call fastcc i1 @Loop_1_proc346(i16* %in_local_V_data_0_V, i16* %in_local_V_data_1_V, i16* %in_local_V_data_2_V, i1* %in_last_V, float* %in_data)"   --->   Operation 39 'call' 'is_last_0_i_loc_channel' <Predicate = true> <Delay = 0.00> <Core = "FIFO">   --->   Core 32 'FIFO' <Latency = 0> <II = 1> <Delay = 1.83> <Storage> <Opcode : 'read' 'write' 'nbread' 'nbwrite'> <Ports = 0> <Width = 16> <Depth = 1> <FIFO>

State 3 <SV = 2> <Delay = 0.00>
ST_3 : Operation 40 [1/2] (0.00ns)   --->   "%is_last_0_i_loc_channel = call fastcc i1 @Loop_1_proc346(i16* %in_local_V_data_0_V, i16* %in_local_V_data_1_V, i16* %in_local_V_data_2_V, i1* %in_last_V, float* %in_data)"   --->   Operation 40 'call' 'is_last_0_i_loc_channel' <Predicate = true> <Delay = 0.00> <Core = "FIFO">   --->   Core 32 'FIFO' <Latency = 0> <II = 1> <Delay = 1.83> <Storage> <Opcode : 'read' 'write' 'nbread' 'nbwrite'> <Ports = 0> <Width = 16> <Depth = 1> <FIFO>

State 4 <SV = 3> <Delay = 0.00>
ST_4 : Operation 41 [2/2] (0.00ns)   --->   "call fastcc void @myproject(i16* %in_local_V_data_0_V, i16* %in_local_V_data_1_V, i16* %in_local_V_data_2_V, i16* %out_local_V_data_0_V, i16* %out_local_V_data_1_V, i16* %out_local_V_data_2_V, i16* %out_local_V_data_3_V, i16* %out_local_V_data_4_V, i16* %out_local_V_data_5_V, i16* %out_local_V_data_6_V, i16* %out_local_V_data_7_V, i16* %out_local_V_data_8_V, i16* %out_local_V_data_9_V, i16* %out_local_V_data_10_V, i16* %out_local_V_data_11_V, i16* %out_local_V_data_12_V)" [firmware/myproject_axi.cpp:27]   --->   Operation 41 'call' <Predicate = true> <Delay = 0.00> <CoreType = "Generic">   --->   Core 0 '' <Latency = 0> <II = 1> <Delay = 1.00> <Generic> <Opcode : >

State 5 <SV = 4> <Delay = 0.00>
ST_5 : Operation 42 [1/2] (0.00ns)   --->   "call fastcc void @myproject(i16* %in_local_V_data_0_V, i16* %in_local_V_data_1_V, i16* %in_local_V_data_2_V, i16* %out_local_V_data_0_V, i16* %out_local_V_data_1_V, i16* %out_local_V_data_2_V, i16* %out_local_V_data_3_V, i16* %out_local_V_data_4_V, i16* %out_local_V_data_5_V, i16* %out_local_V_data_6_V, i16* %out_local_V_data_7_V, i16* %out_local_V_data_8_V, i16* %out_local_V_data_9_V, i16* %out_local_V_data_10_V, i16* %out_local_V_data_11_V, i16* %out_local_V_data_12_V)" [firmware/myproject_axi.cpp:27]   --->   Operation 42 'call' <Predicate = true> <Delay = 0.00> <CoreType = "Generic">   --->   Core 0 '' <Latency = 0> <II = 1> <Delay = 1.00> <Generic> <Opcode : >

State 6 <SV = 5> <Delay = 0.00>
ST_6 : Operation 43 [1/1] (0.00ns)   --->   "call fastcc void @Block_myproject_axi_.exit54_proc(i16* %out_local_V_data_0_V, i16* %out_local_V_data_1_V, i16* %out_local_V_data_2_V, i16* %out_local_V_data_3_V, i16* %out_local_V_data_4_V, i16* %out_local_V_data_5_V, i16* %out_local_V_data_6_V, i16* %out_local_V_data_7_V, i16* %out_local_V_data_8_V, i16* %out_local_V_data_9_V, i16* %out_local_V_data_10_V, i16* %out_local_V_data_11_V, i16* %out_local_V_data_12_V, i16* %tmp_data_V_0, i16* %tmp_data_V_1, i16* %tmp_data_V_2, i16* %tmp_data_V_3, i16* %tmp_data_V_4, i16* %tmp_data_V_5, i16* %tmp_data_V_6, i16* %tmp_data_V_727, i16* %tmp_data_V_8, i16* %tmp_data_V_9, i16* %tmp_data_V_10, i16* %tmp_data_V_11, i16* %tmp_data_V_12)"   --->   Operation 43 'call' <Predicate = true> <Delay = 0.00> <CoreType = "Generic">   --->   Core 0 '' <Latency = 0> <II = 1> <Delay = 1.00> <Generic> <Opcode : >

State 7 <SV = 6> <Delay = 3.00>
ST_7 : Operation 44 [2/2] (3.00ns)   --->   "call fastcc void @Loop_2_proc(float* %out_data, i1* %out_last_V, i1 %is_last_0_i_loc_channel, i16* %tmp_data_V_0, i16* %tmp_data_V_1, i16* %tmp_data_V_2, i16* %tmp_data_V_3, i16* %tmp_data_V_4, i16* %tmp_data_V_5, i16* %tmp_data_V_6, i16* %tmp_data_V_727, i16* %tmp_data_V_8, i16* %tmp_data_V_9, i16* %tmp_data_V_10, i16* %tmp_data_V_11, i16* %tmp_data_V_12)"   --->   Operation 44 'call' <Predicate = true> <Delay = 3.00> <CoreType = "Generic">   --->   Core 0 '' <Latency = 0> <II = 1> <Delay = 1.00> <Generic> <Opcode : >

State 8 <SV = 7> <Delay = 0.00>
ST_8 : Operation 45 [1/2] (0.00ns)   --->   "call fastcc void @Loop_2_proc(float* %out_data, i1* %out_last_V, i1 %is_last_0_i_loc_channel, i16* %tmp_data_V_0, i16* %tmp_data_V_1, i16* %tmp_data_V_2, i16* %tmp_data_V_3, i16* %tmp_data_V_4, i16* %tmp_data_V_5, i16* %tmp_data_V_6, i16* %tmp_data_V_727, i16* %tmp_data_V_8, i16* %tmp_data_V_9, i16* %tmp_data_V_10, i16* %tmp_data_V_11, i16* %tmp_data_V_12)"   --->   Operation 45 'call' <Predicate = true> <Delay = 0.00> <CoreType = "Generic">   --->   Core 0 '' <Latency = 0> <II = 1> <Delay = 1.00> <Generic> <Opcode : >

State 9 <SV = 8> <Delay = 0.00>
ST_9 : Operation 46 [1/1] (0.00ns)   --->   "call void (...)* @_ssdm_op_SpecDataflowPipeline(i32 -1, i32 0, [1 x i8]* @p_str2) nounwind" [firmware/myproject_axi.cpp:8]   --->   Operation 46 'specdataflowpipeline' <Predicate = true> <Delay = 0.00>
ST_9 : Operation 47 [1/1] (0.00ns)   --->   "call void (...)* @_ssdm_op_SpecBitsMap(float* %in_data), !map !290"   --->   Operation 47 'specbitsmap' <Predicate = true> <Delay = 0.00>
ST_9 : Operation 48 [1/1] (0.00ns)   --->   "call void (...)* @_ssdm_op_SpecBitsMap(i1* %in_last_V), !map !296"   --->   Operation 48 'specbitsmap' <Predicate = true> <Delay = 0.00>
ST_9 : Operation 49 [1/1] (0.00ns)   --->   "call void (...)* @_ssdm_op_SpecBitsMap(float* %out_data), !map !300"   --->   Operation 49 'specbitsmap' <Predicate = true> <Delay = 0.00>
ST_9 : Operation 50 [1/1] (0.00ns)   --->   "call void (...)* @_ssdm_op_SpecBitsMap(i1* %out_last_V), !map !306"   --->   Operation 50 'specbitsmap' <Predicate = true> <Delay = 0.00>
ST_9 : Operation 51 [1/1] (0.00ns)   --->   "call void (...)* @_ssdm_op_SpecTopModule([14 x i8]* @myproject_axi_str) nounwind"   --->   Operation 51 'spectopmodule' <Predicate = true> <Delay = 0.00>
ST_9 : Operation 52 [1/1] (0.00ns)   --->   "%empty = call i32 (...)* @_ssdm_op_SpecChannel([21 x i8]* @in_local_OC_V_OC_data_LF_0_NF_OC_V_str, i32 1, [1 x i8]* @p_str347, [1 x i8]* @p_str347, i32 4096, i32 4096, i16* %in_local_V_data_0_V, i16* %in_local_V_data_0_V)"   --->   Operation 52 'specchannel' 'empty' <Predicate = true> <Delay = 0.00>
ST_9 : Operation 53 [1/1] (0.00ns)   --->   "call void (...)* @_ssdm_op_SpecInterface(i16* %in_local_V_data_0_V, [8 x i8]* @ap_fifo_str, i32 0, i32 0, [1 x i8]* @p_str348, i32 0, i32 0, [1 x i8]* @p_str349, [1 x i8]* @p_str350, [1 x i8]* @p_str351, i32 2, i32 2, i32 16, i32 16, [1 x i8]* @p_str352, [1 x i8]* @p_str353)"   --->   Operation 53 'specinterface' <Predicate = true> <Delay = 0.00>
ST_9 : Operation 54 [1/1] (0.00ns)   --->   "%empty_51 = call i32 (...)* @_ssdm_op_SpecChannel([21 x i8]* @in_local_OC_V_OC_data_LF_1_NF_OC_V_str, i32 1, [1 x i8]* @p_str354, [1 x i8]* @p_str354, i32 4096, i32 4096, i16* %in_local_V_data_1_V, i16* %in_local_V_data_1_V)"   --->   Operation 54 'specchannel' 'empty_51' <Predicate = true> <Delay = 0.00>
ST_9 : Operation 55 [1/1] (0.00ns)   --->   "call void (...)* @_ssdm_op_SpecInterface(i16* %in_local_V_data_1_V, [8 x i8]* @ap_fifo_str, i32 0, i32 0, [1 x i8]* @p_str355, i32 0, i32 0, [1 x i8]* @p_str356, [1 x i8]* @p_str357, [1 x i8]* @p_str358, i32 2, i32 2, i32 16, i32 16, [1 x i8]* @p_str359, [1 x i8]* @p_str360)"   --->   Operation 55 'specinterface' <Predicate = true> <Delay = 0.00>
ST_9 : Operation 56 [1/1] (0.00ns)   --->   "%empty_52 = call i32 (...)* @_ssdm_op_SpecChannel([21 x i8]* @in_local_OC_V_OC_data_LF_2_NF_OC_V_str, i32 1, [1 x i8]* @p_str361, [1 x i8]* @p_str361, i32 4096, i32 4096, i16* %in_local_V_data_2_V, i16* %in_local_V_data_2_V)"   --->   Operation 56 'specchannel' 'empty_52' <Predicate = true> <Delay = 0.00>
ST_9 : Operation 57 [1/1] (0.00ns)   --->   "call void (...)* @_ssdm_op_SpecInterface(i16* %in_local_V_data_2_V, [8 x i8]* @ap_fifo_str, i32 0, i32 0, [1 x i8]* @p_str362, i32 0, i32 0, [1 x i8]* @p_str363, [1 x i8]* @p_str364, [1 x i8]* @p_str365, i32 2, i32 2, i32 16, i32 16, [1 x i8]* @p_str366, [1 x i8]* @p_str367)"   --->   Operation 57 'specinterface' <Predicate = true> <Delay = 0.00>
ST_9 : Operation 58 [1/1] (0.00ns)   --->   "%empty_53 = call i32 (...)* @_ssdm_op_SpecChannel([22 x i8]* @out_local_OC_V_OC_data_LF_0_NF_OC_V_str, i32 1, [1 x i8]* @p_str368, [1 x i8]* @p_str368, i32 1, i32 1, i16* %out_local_V_data_0_V, i16* %out_local_V_data_0_V)"   --->   Operation 58 'specchannel' 'empty_53' <Predicate = true> <Delay = 0.00>
ST_9 : Operation 59 [1/1] (0.00ns)   --->   "call void (...)* @_ssdm_op_SpecInterface(i16* %out_local_V_data_0_V, [8 x i8]* @ap_fifo_str, i32 0, i32 0, [1 x i8]* @p_str369, i32 0, i32 0, [1 x i8]* @p_str370, [1 x i8]* @p_str371, [1 x i8]* @p_str372, i32 2, i32 2, i32 16, i32 16, [1 x i8]* @p_str373, [1 x i8]* @p_str374)"   --->   Operation 59 'specinterface' <Predicate = true> <Delay = 0.00>
ST_9 : Operation 60 [1/1] (0.00ns)   --->   "%empty_54 = call i32 (...)* @_ssdm_op_SpecChannel([22 x i8]* @out_local_OC_V_OC_data_LF_1_NF_OC_V_str, i32 1, [1 x i8]* @p_str375, [1 x i8]* @p_str375, i32 1, i32 1, i16* %out_local_V_data_1_V, i16* %out_local_V_data_1_V)"   --->   Operation 60 'specchannel' 'empty_54' <Predicate = true> <Delay = 0.00>
ST_9 : Operation 61 [1/1] (0.00ns)   --->   "call void (...)* @_ssdm_op_SpecInterface(i16* %out_local_V_data_1_V, [8 x i8]* @ap_fifo_str, i32 0, i32 0, [1 x i8]* @p_str376, i32 0, i32 0, [1 x i8]* @p_str377, [1 x i8]* @p_str378, [1 x i8]* @p_str379, i32 2, i32 2, i32 16, i32 16, [1 x i8]* @p_str380, [1 x i8]* @p_str381)"   --->   Operation 61 'specinterface' <Predicate = true> <Delay = 0.00>
ST_9 : Operation 62 [1/1] (0.00ns)   --->   "%empty_55 = call i32 (...)* @_ssdm_op_SpecChannel([22 x i8]* @out_local_OC_V_OC_data_LF_2_NF_OC_V_str, i32 1, [1 x i8]* @p_str382, [1 x i8]* @p_str382, i32 1, i32 1, i16* %out_local_V_data_2_V, i16* %out_local_V_data_2_V)"   --->   Operation 62 'specchannel' 'empty_55' <Predicate = true> <Delay = 0.00>
ST_9 : Operation 63 [1/1] (0.00ns)   --->   "call void (...)* @_ssdm_op_SpecInterface(i16* %out_local_V_data_2_V, [8 x i8]* @ap_fifo_str, i32 0, i32 0, [1 x i8]* @p_str383, i32 0, i32 0, [1 x i8]* @p_str384, [1 x i8]* @p_str385, [1 x i8]* @p_str386, i32 2, i32 2, i32 16, i32 16, [1 x i8]* @p_str387, [1 x i8]* @p_str388)"   --->   Operation 63 'specinterface' <Predicate = true> <Delay = 0.00>
ST_9 : Operation 64 [1/1] (0.00ns)   --->   "%empty_56 = call i32 (...)* @_ssdm_op_SpecChannel([22 x i8]* @out_local_OC_V_OC_data_LF_3_NF_OC_V_str, i32 1, [1 x i8]* @p_str389, [1 x i8]* @p_str389, i32 1, i32 1, i16* %out_local_V_data_3_V, i16* %out_local_V_data_3_V)"   --->   Operation 64 'specchannel' 'empty_56' <Predicate = true> <Delay = 0.00>
ST_9 : Operation 65 [1/1] (0.00ns)   --->   "call void (...)* @_ssdm_op_SpecInterface(i16* %out_local_V_data_3_V, [8 x i8]* @ap_fifo_str, i32 0, i32 0, [1 x i8]* @p_str390, i32 0, i32 0, [1 x i8]* @p_str391, [1 x i8]* @p_str392, [1 x i8]* @p_str393, i32 2, i32 2, i32 16, i32 16, [1 x i8]* @p_str394, [1 x i8]* @p_str395)"   --->   Operation 65 'specinterface' <Predicate = true> <Delay = 0.00>
ST_9 : Operation 66 [1/1] (0.00ns)   --->   "%empty_57 = call i32 (...)* @_ssdm_op_SpecChannel([22 x i8]* @out_local_OC_V_OC_data_LF_4_NF_OC_V_str, i32 1, [1 x i8]* @p_str396, [1 x i8]* @p_str396, i32 1, i32 1, i16* %out_local_V_data_4_V, i16* %out_local_V_data_4_V)"   --->   Operation 66 'specchannel' 'empty_57' <Predicate = true> <Delay = 0.00>
ST_9 : Operation 67 [1/1] (0.00ns)   --->   "call void (...)* @_ssdm_op_SpecInterface(i16* %out_local_V_data_4_V, [8 x i8]* @ap_fifo_str, i32 0, i32 0, [1 x i8]* @p_str397, i32 0, i32 0, [1 x i8]* @p_str398, [1 x i8]* @p_str399, [1 x i8]* @p_str400, i32 2, i32 2, i32 16, i32 16, [1 x i8]* @p_str401, [1 x i8]* @p_str402)"   --->   Operation 67 'specinterface' <Predicate = true> <Delay = 0.00>
ST_9 : Operation 68 [1/1] (0.00ns)   --->   "%empty_58 = call i32 (...)* @_ssdm_op_SpecChannel([22 x i8]* @out_local_OC_V_OC_data_LF_5_NF_OC_V_str, i32 1, [1 x i8]* @p_str403, [1 x i8]* @p_str403, i32 1, i32 1, i16* %out_local_V_data_5_V, i16* %out_local_V_data_5_V)"   --->   Operation 68 'specchannel' 'empty_58' <Predicate = true> <Delay = 0.00>
ST_9 : Operation 69 [1/1] (0.00ns)   --->   "call void (...)* @_ssdm_op_SpecInterface(i16* %out_local_V_data_5_V, [8 x i8]* @ap_fifo_str, i32 0, i32 0, [1 x i8]* @p_str404, i32 0, i32 0, [1 x i8]* @p_str405, [1 x i8]* @p_str406, [1 x i8]* @p_str407, i32 2, i32 2, i32 16, i32 16, [1 x i8]* @p_str408, [1 x i8]* @p_str409)"   --->   Operation 69 'specinterface' <Predicate = true> <Delay = 0.00>
ST_9 : Operation 70 [1/1] (0.00ns)   --->   "%empty_59 = call i32 (...)* @_ssdm_op_SpecChannel([22 x i8]* @out_local_OC_V_OC_data_LF_6_NF_OC_V_str, i32 1, [1 x i8]* @p_str410, [1 x i8]* @p_str410, i32 1, i32 1, i16* %out_local_V_data_6_V, i16* %out_local_V_data_6_V)"   --->   Operation 70 'specchannel' 'empty_59' <Predicate = true> <Delay = 0.00>
ST_9 : Operation 71 [1/1] (0.00ns)   --->   "call void (...)* @_ssdm_op_SpecInterface(i16* %out_local_V_data_6_V, [8 x i8]* @ap_fifo_str, i32 0, i32 0, [1 x i8]* @p_str411, i32 0, i32 0, [1 x i8]* @p_str412, [1 x i8]* @p_str413, [1 x i8]* @p_str414, i32 2, i32 2, i32 16, i32 16, [1 x i8]* @p_str415, [1 x i8]* @p_str416)"   --->   Operation 71 'specinterface' <Predicate = true> <Delay = 0.00>
ST_9 : Operation 72 [1/1] (0.00ns)   --->   "%empty_60 = call i32 (...)* @_ssdm_op_SpecChannel([22 x i8]* @out_local_OC_V_OC_data_LF_7_NF_OC_V_str, i32 1, [1 x i8]* @p_str417, [1 x i8]* @p_str417, i32 1, i32 1, i16* %out_local_V_data_7_V, i16* %out_local_V_data_7_V)"   --->   Operation 72 'specchannel' 'empty_60' <Predicate = true> <Delay = 0.00>
ST_9 : Operation 73 [1/1] (0.00ns)   --->   "call void (...)* @_ssdm_op_SpecInterface(i16* %out_local_V_data_7_V, [8 x i8]* @ap_fifo_str, i32 0, i32 0, [1 x i8]* @p_str418, i32 0, i32 0, [1 x i8]* @p_str419, [1 x i8]* @p_str420, [1 x i8]* @p_str421, i32 2, i32 2, i32 16, i32 16, [1 x i8]* @p_str422, [1 x i8]* @p_str423)"   --->   Operation 73 'specinterface' <Predicate = true> <Delay = 0.00>
ST_9 : Operation 74 [1/1] (0.00ns)   --->   "%empty_61 = call i32 (...)* @_ssdm_op_SpecChannel([22 x i8]* @out_local_OC_V_OC_data_LF_8_NF_OC_V_str, i32 1, [1 x i8]* @p_str424, [1 x i8]* @p_str424, i32 1, i32 1, i16* %out_local_V_data_8_V, i16* %out_local_V_data_8_V)"   --->   Operation 74 'specchannel' 'empty_61' <Predicate = true> <Delay = 0.00>
ST_9 : Operation 75 [1/1] (0.00ns)   --->   "call void (...)* @_ssdm_op_SpecInterface(i16* %out_local_V_data_8_V, [8 x i8]* @ap_fifo_str, i32 0, i32 0, [1 x i8]* @p_str425, i32 0, i32 0, [1 x i8]* @p_str426, [1 x i8]* @p_str427, [1 x i8]* @p_str428, i32 2, i32 2, i32 16, i32 16, [1 x i8]* @p_str429, [1 x i8]* @p_str430)"   --->   Operation 75 'specinterface' <Predicate = true> <Delay = 0.00>
ST_9 : Operation 76 [1/1] (0.00ns)   --->   "%empty_62 = call i32 (...)* @_ssdm_op_SpecChannel([22 x i8]* @out_local_OC_V_OC_data_LF_9_NF_OC_V_str, i32 1, [1 x i8]* @p_str431, [1 x i8]* @p_str431, i32 1, i32 1, i16* %out_local_V_data_9_V, i16* %out_local_V_data_9_V)"   --->   Operation 76 'specchannel' 'empty_62' <Predicate = true> <Delay = 0.00>
ST_9 : Operation 77 [1/1] (0.00ns)   --->   "call void (...)* @_ssdm_op_SpecInterface(i16* %out_local_V_data_9_V, [8 x i8]* @ap_fifo_str, i32 0, i32 0, [1 x i8]* @p_str432, i32 0, i32 0, [1 x i8]* @p_str433, [1 x i8]* @p_str434, [1 x i8]* @p_str435, i32 2, i32 2, i32 16, i32 16, [1 x i8]* @p_str436, [1 x i8]* @p_str437)"   --->   Operation 77 'specinterface' <Predicate = true> <Delay = 0.00>
ST_9 : Operation 78 [1/1] (0.00ns)   --->   "%empty_63 = call i32 (...)* @_ssdm_op_SpecChannel([23 x i8]* @out_local_OC_V_OC_data_LF_10_NF_OC_V_str, i32 1, [1 x i8]* @p_str438, [1 x i8]* @p_str438, i32 1, i32 1, i16* %out_local_V_data_10_V, i16* %out_local_V_data_10_V)"   --->   Operation 78 'specchannel' 'empty_63' <Predicate = true> <Delay = 0.00>
ST_9 : Operation 79 [1/1] (0.00ns)   --->   "call void (...)* @_ssdm_op_SpecInterface(i16* %out_local_V_data_10_V, [8 x i8]* @ap_fifo_str, i32 0, i32 0, [1 x i8]* @p_str439, i32 0, i32 0, [1 x i8]* @p_str440, [1 x i8]* @p_str441, [1 x i8]* @p_str442, i32 2, i32 2, i32 16, i32 16, [1 x i8]* @p_str443, [1 x i8]* @p_str444)"   --->   Operation 79 'specinterface' <Predicate = true> <Delay = 0.00>
ST_9 : Operation 80 [1/1] (0.00ns)   --->   "%empty_64 = call i32 (...)* @_ssdm_op_SpecChannel([23 x i8]* @out_local_OC_V_OC_data_LF_11_NF_OC_V_str, i32 1, [1 x i8]* @p_str445, [1 x i8]* @p_str445, i32 1, i32 1, i16* %out_local_V_data_11_V, i16* %out_local_V_data_11_V)"   --->   Operation 80 'specchannel' 'empty_64' <Predicate = true> <Delay = 0.00>
ST_9 : Operation 81 [1/1] (0.00ns)   --->   "call void (...)* @_ssdm_op_SpecInterface(i16* %out_local_V_data_11_V, [8 x i8]* @ap_fifo_str, i32 0, i32 0, [1 x i8]* @p_str446, i32 0, i32 0, [1 x i8]* @p_str447, [1 x i8]* @p_str448, [1 x i8]* @p_str449, i32 2, i32 2, i32 16, i32 16, [1 x i8]* @p_str450, [1 x i8]* @p_str451)"   --->   Operation 81 'specinterface' <Predicate = true> <Delay = 0.00>
ST_9 : Operation 82 [1/1] (0.00ns)   --->   "%empty_65 = call i32 (...)* @_ssdm_op_SpecChannel([23 x i8]* @out_local_OC_V_OC_data_LF_12_NF_OC_V_str, i32 1, [1 x i8]* @p_str452, [1 x i8]* @p_str452, i32 1, i32 1, i16* %out_local_V_data_12_V, i16* %out_local_V_data_12_V)"   --->   Operation 82 'specchannel' 'empty_65' <Predicate = true> <Delay = 0.00>
ST_9 : Operation 83 [1/1] (0.00ns)   --->   "call void (...)* @_ssdm_op_SpecInterface(i16* %out_local_V_data_12_V, [8 x i8]* @ap_fifo_str, i32 0, i32 0, [1 x i8]* @p_str453, i32 0, i32 0, [1 x i8]* @p_str454, [1 x i8]* @p_str455, [1 x i8]* @p_str456, i32 2, i32 2, i32 16, i32 16, [1 x i8]* @p_str457, [1 x i8]* @p_str458)"   --->   Operation 83 'specinterface' <Predicate = true> <Delay = 0.00>
ST_9 : Operation 84 [1/1] (0.00ns)   --->   "call void (...)* @_ssdm_op_SpecInterface(float* %in_data, i1* %in_last_V, [5 x i8]* @p_str, i32 1, i32 1, [5 x i8]* @p_str1, i32 0, i32 0, [1 x i8]* @p_str2, [1 x i8]* @p_str2, [1 x i8]* @p_str2, i32 0, i32 0, i32 0, i32 0, [1 x i8]* @p_str2, [1 x i8]* @p_str2)" [firmware/myproject_axi.cpp:5]   --->   Operation 84 'specinterface' <Predicate = true> <Delay = 0.00>
ST_9 : Operation 85 [1/1] (0.00ns)   --->   "call void (...)* @_ssdm_op_SpecInterface(float* %out_data, i1* %out_last_V, [5 x i8]* @p_str, i32 1, i32 1, [5 x i8]* @p_str1, i32 0, i32 0, [1 x i8]* @p_str2, [1 x i8]* @p_str2, [1 x i8]* @p_str2, i32 0, i32 0, i32 0, i32 0, [1 x i8]* @p_str2, [1 x i8]* @p_str2)" [firmware/myproject_axi.cpp:6]   --->   Operation 85 'specinterface' <Predicate = true> <Delay = 0.00>
ST_9 : Operation 86 [1/1] (0.00ns)   --->   "call void (...)* @_ssdm_op_SpecInterface(i32 0, [13 x i8]* @p_str3, i32 0, i32 0, [1 x i8]* @p_str2, i32 0, i32 0, [1 x i8]* @p_str2, [1 x i8]* @p_str2, [1 x i8]* @p_str2, i32 0, i32 0, i32 0, i32 0, [1 x i8]* @p_str2, [1 x i8]* @p_str2) nounwind" [firmware/myproject_axi.cpp:7]   --->   Operation 86 'specinterface' <Predicate = true> <Delay = 0.00>
ST_9 : Operation 87 [1/1] (0.00ns)   --->   "ret void" [firmware/myproject_axi.cpp:36]   --->   Operation 87 'ret' <Predicate = true> <Delay = 0.00>


============================================================
+ Verbose Summary: Timing violations
============================================================
Target clock period: 5ns, clock uncertainty: 0.625ns.

 <State 1>: 0ns
The critical path consists of the following:

 <State 2>: 0ns
The critical path consists of the following:

 <State 3>: 0ns
The critical path consists of the following:

 <State 4>: 0ns
The critical path consists of the following:

 <State 5>: 0ns
The critical path consists of the following:

 <State 6>: 0ns
The critical path consists of the following:

 <State 7>: 3ns
The critical path consists of the following:
	'call' operation ('call_ln0') to 'Loop_2_proc' [216]  (3 ns)

 <State 8>: 0ns
The critical path consists of the following:

 <State 9>: 0ns
The critical path consists of the following:


============================================================
+ Verbose Summary: Binding
============================================================
N/A
* FSMD analyzer results:
  - Output states:
 - Input state : 
  - Chain level:
	State 1
	State 2
	State 3
	State 4
	State 5
	State 6
	State 7
	State 8
	State 9


============================================================
+ Verbose Summary: Datapath Resource usage 
============================================================
N/A
