

================================================================
== Vivado HLS Report for 'dense_resource_ap_fixed_16_6_5_3_0_ap_fixed_16_6_5_3_0_config6_mult_s'
================================================================
* Date:           Wed Apr 10 16:33:38 2024

* Version:        2019.2 (Build 2704478 on Wed Nov 06 22:10:23 MST 2019)
* Project:        myproject_prj
* Solution:       solution1
* Product family: zynquplus
* Target device:  xczu5ev-sfvc784-2LV-e


================================================================
== Performance Estimates
================================================================
+ Timing: 
    * Summary: 
    +--------+---------+----------+------------+
    |  Clock |  Target | Estimated| Uncertainty|
    +--------+---------+----------+------------+
    |ap_clk  | 5.00 ns | 3.770 ns |   0.62 ns  |
    +--------+---------+----------+------------+

+ Latency: 
    * Summary: 
    +---------+---------+----------+----------+-----+-----+---------------------------------------------+
    |  Latency (cycles) |  Latency (absolute) |  Interval |                   Pipeline                  |
    |   min   |   max   |    min   |    max   | min | max |                     Type                    |
    +---------+---------+----------+----------+-----+-----+---------------------------------------------+
    |      145|      146| 0.725 us | 0.730 us |  144|  144| loop rewind(delay=0 initiation interval(s)) |
    +---------+---------+----------+----------+-----+-----+---------------------------------------------+

    + Detail: 
        * Instance: 
        N/A

        * Loop: 
        +-------------+---------+---------+----------+-----------+-----------+------+----------+
        |             |  Latency (cycles) | Iteration|  Initiation Interval  | Trip |          |
        |  Loop Name  |   min   |   max   |  Latency |  achieved |   target  | Count| Pipelined|
        +-------------+---------+---------+----------+-----------+-----------+------+----------+
        |- ReuseLoop  |      145|      145|         3|          1|          1|   144|    yes   |
        +-------------+---------+---------+----------+-----------+-----------+------+----------+



================================================================
== Utilization Estimates
================================================================
* Summary: 
+-----------------+---------+-------+--------+--------+-----+
|       Name      | BRAM_18K| DSP48E|   FF   |   LUT  | URAM|
+-----------------+---------+-------+--------+--------+-----+
|DSP              |        -|      1|       -|       -|    -|
|Expression       |        -|      -|       0|     164|    -|
|FIFO             |        -|      -|       -|       -|    -|
|Instance         |        -|      -|       0|      65|    -|
|Memory           |        0|      -|       8|      19|    -|
|Multiplexer      |        -|      -|       -|     474|    -|
|Register         |        -|      -|     445|       -|    -|
+-----------------+---------+-------+--------+--------+-----+
|Total            |        0|      1|     453|     722|    0|
+-----------------+---------+-------+--------+--------+-----+
|Available        |      288|   1248|  234240|  117120|   64|
+-----------------+---------+-------+--------+--------+-----+
|Utilization (%)  |        0|   ~0  |   ~0   |   ~0   |    0|
+-----------------+---------+-------+--------+--------+-----+

+ Detail: 
    * Instance: 
    +----------------------------------+-----------------------------+---------+-------+---+----+-----+
    |             Instance             |            Module           | BRAM_18K| DSP48E| FF| LUT| URAM|
    +----------------------------------+-----------------------------+---------+-------+---+----+-----+
    |myproject_axi_mux_42_32_1_1_U126  |myproject_axi_mux_42_32_1_1  |        0|      0|  0|  65|    0|
    +----------------------------------+-----------------------------+---------+-------+---+----+-----+
    |Total                             |                             |        0|      0|  0|  65|    0|
    +----------------------------------+-----------------------------+---------+-------+---+----+-----+

    * DSP48E: 
    +------------------------------------------+-------------------------------------+-----------+
    |                 Instance                 |                Module               | Expression|
    +------------------------------------------+-------------------------------------+-----------+
    |myproject_axi_mul_mul_6s_16s_21_1_1_U127  |myproject_axi_mul_mul_6s_16s_21_1_1  |  i0 * i1  |
    +------------------------------------------+-------------------------------------+-----------+

    * Memory: 
    +----------+------------------------------------------------------------------------------+---------+---+----+-----+------+-----+------+-------------+
    |  Memory  |                                    Module                                    | BRAM_18K| FF| LUT| URAM| Words| Bits| Banks| W*Bits*Banks|
    +----------+------------------------------------------------------------------------------+---------+---+----+-----+------+-----+------+-------------+
    |outidx_U  |dense_resource_ap_fixed_16_6_5_3_0_ap_fixed_16_6_5_3_0_config6_mult_s_outidx  |        0|  2|   5|    0|   144|    2|     1|          288|
    |w6_V_U    |dense_resource_ap_fixed_16_6_5_3_0_ap_fixed_16_6_5_3_0_config6_mult_s_w6_V    |        0|  6|  14|    0|   144|    6|     1|          864|
    +----------+------------------------------------------------------------------------------+---------+---+----+-----+------+-----+------+-------------+
    |Total     |                                                                              |        0|  8|  19|    0|   288|    8|     2|         1152|
    +----------+------------------------------------------------------------------------------+---------+---+----+-----+------+-----+------+-------------+

    * FIFO: 
    N/A

    * Expression: 
    +------------------------+----------+-------+---+----+------------+------------+
    |      Variable Name     | Operation| DSP48E| FF| LUT| Bitwidth P0| Bitwidth P1|
    +------------------------+----------+-------+---+----+------------+------------+
    |acc_0_V_fu_826_p2       |     +    |      0|  0|  39|          32|          32|
    |in_index_fu_768_p2      |     +    |      0|  0|  39|          32|           1|
    |w_index_fu_618_p2       |     +    |      0|  0|  15|           1|           8|
    |ap_condition_40         |    and   |      0|  0|   2|           1|           1|
    |ap_condition_439        |    and   |      0|  0|   2|           1|           1|
    |icmp_ln129_fu_788_p2    |   icmp   |      0|  0|  11|           8|           8|
    |icmp_ln148_fu_774_p2    |   icmp   |      0|  0|  20|          32|           6|
    |ap_condition_408        |    or    |      0|  0|   2|           1|           1|
    |select_ln148_fu_780_p3  |  select  |      0|  0|  32|           1|           1|
    |ap_enable_pp0           |    xor   |      0|  0|   2|           1|           2|
    +------------------------+----------+-------+---+----+------------+------------+
    |Total                   |          |      0|  0| 164|         110|          61|
    +------------------------+----------+-------+---+----+------------+------------+

    * Multiplexer: 
    +------------------------------------------------+-----+-----------+-----+-----------+
    |                      Name                      | LUT | Input Size| Bits| Total Bits|
    +------------------------------------------------+-----+-----------+-----+-----------+
    |acc_0_V_020_reg_408                             |    9|          2|   32|         64|
    |acc_1_V_019_reg_422                             |    9|          2|   32|         64|
    |acc_2_V_018_reg_436                             |    9|          2|   32|         64|
    |acc_3_V_017_reg_450                             |    9|          2|   32|         64|
    |ap_NS_fsm                                       |   15|          3|    1|          3|
    |ap_enable_reg_pp0_iter1                         |    9|          2|    1|          2|
    |ap_enable_reg_pp0_iter2                         |    9|          2|    1|          2|
    |ap_phi_mux_acc_0_V_1_phi_fu_522_p8              |   15|          3|   32|         96|
    |ap_phi_mux_acc_1_V_1_phi_fu_504_p8              |   15|          3|   32|         96|
    |ap_phi_mux_acc_2_V_1_phi_fu_486_p8              |   15|          3|   32|         96|
    |ap_phi_mux_acc_3_V_1_phi_fu_468_p8              |   15|          3|   32|         96|
    |ap_phi_mux_in_index_0_i_i29_phi_fu_250_p6       |   15|          3|   32|         96|
    |ap_phi_mux_p_Val2_19_01_i_phi_fu_594_p8         |   15|          3|   32|         96|
    |ap_phi_mux_p_Val2_19_13_i_phi_fu_576_p8         |   15|          3|   32|         96|
    |ap_phi_mux_p_Val2_19_25_i_phi_fu_558_p8         |   15|          3|   32|         96|
    |ap_phi_mux_p_Val2_19_37_i_phi_fu_540_p8         |   15|          3|   32|         96|
    |ap_phi_mux_w_index30_phi_fu_236_p6              |   15|          3|    8|         24|
    |ap_phi_reg_pp0_iter1_UnifiedRetVal_i_i_reg_260  |  165|         37|   16|        592|
    |ap_return_0                                     |    9|          2|   16|         32|
    |ap_return_1                                     |    9|          2|   16|         32|
    |ap_return_2                                     |    9|          2|   16|         32|
    |ap_return_3                                     |    9|          2|   16|         32|
    |in_index_0_i_i29_reg_246                        |    9|          2|   32|         64|
    |p_Val2_19_0_i28_reg_352                         |    9|          2|   32|         64|
    |p_Val2_19_1_i26_reg_366                         |    9|          2|   32|         64|
    |p_Val2_19_2_i24_reg_380                         |    9|          2|   32|         64|
    |p_Val2_19_3_i22_reg_394                         |    9|          2|   32|         64|
    |w_index30_reg_232                               |    9|          2|    8|         16|
    +------------------------------------------------+-----+-----------+-----+-----------+
    |Total                                           |  474|        102|  675|       2207|
    +------------------------------------------------+-----+-----------+-----+-----------+

    * Register: 
    +------------------------------------------------+----+----+-----+-----------+
    |                      Name                      | FF | LUT| Bits| Const Bits|
    +------------------------------------------------+----+----+-----+-----------+
    |acc_0_V_020_reg_408                             |  32|   0|   32|          0|
    |acc_1_V_019_reg_422                             |  32|   0|   32|          0|
    |acc_2_V_018_reg_436                             |  32|   0|   32|          0|
    |acc_3_V_017_reg_450                             |  32|   0|   32|          0|
    |ap_CS_fsm                                       |   2|   0|    2|          0|
    |ap_enable_reg_pp0_iter1                         |   1|   0|    1|          0|
    |ap_enable_reg_pp0_iter2                         |   1|   0|    1|          0|
    |ap_phi_reg_pp0_iter1_UnifiedRetVal_i_i_reg_260  |  16|   0|   16|          0|
    |ap_return_0_preg                                |  16|   0|   16|          0|
    |ap_return_1_preg                                |  16|   0|   16|          0|
    |ap_return_2_preg                                |  16|   0|   16|          0|
    |ap_return_3_preg                                |  16|   0|   16|          0|
    |icmp_ln129_reg_1118                             |   1|   0|    1|          0|
    |icmp_ln129_reg_1118_pp0_iter1_reg               |   1|   0|    1|          0|
    |in_index_0_i_i29_reg_246                        |  32|   0|   32|          0|
    |mul_ln728_reg_1127                              |  21|   0|   21|          0|
    |out_index_reg_1122                              |   2|   0|    2|          0|
    |p_Val2_19_0_i28_reg_352                         |  32|   0|   32|          0|
    |p_Val2_19_1_i26_reg_366                         |  32|   0|   32|          0|
    |p_Val2_19_2_i24_reg_380                         |  32|   0|   32|          0|
    |p_Val2_19_3_i22_reg_394                         |  32|   0|   32|          0|
    |select_ln148_reg_1113                           |  32|   0|   32|          0|
    |w_index30_reg_232                               |   8|   0|    8|          0|
    |w_index_reg_923                                 |   8|   0|    8|          0|
    +------------------------------------------------+----+----+-----+-----------+
    |Total                                           | 445|   0|  445|          0|
    +------------------------------------------------+----+----+-----+-----------+



================================================================
== Interface
================================================================
* Summary: 
+--------------------+-----+-----+------------+----------------------------------------------------------------------------------+--------------+
|      RTL Ports     | Dir | Bits|  Protocol  |                                   Source Object                                  |    C Type    |
+--------------------+-----+-----+------------+----------------------------------------------------------------------------------+--------------+
|ap_clk              |  in |    1| ap_ctrl_hs | dense_resource<ap_fixed<16, 6, 5, 3, 0>, ap_fixed<16, 6, 5, 3, 0>, config6_mult> | return value |
|ap_rst              |  in |    1| ap_ctrl_hs | dense_resource<ap_fixed<16, 6, 5, 3, 0>, ap_fixed<16, 6, 5, 3, 0>, config6_mult> | return value |
|ap_start            |  in |    1| ap_ctrl_hs | dense_resource<ap_fixed<16, 6, 5, 3, 0>, ap_fixed<16, 6, 5, 3, 0>, config6_mult> | return value |
|ap_done             | out |    1| ap_ctrl_hs | dense_resource<ap_fixed<16, 6, 5, 3, 0>, ap_fixed<16, 6, 5, 3, 0>, config6_mult> | return value |
|ap_idle             | out |    1| ap_ctrl_hs | dense_resource<ap_fixed<16, 6, 5, 3, 0>, ap_fixed<16, 6, 5, 3, 0>, config6_mult> | return value |
|ap_ready            | out |    1| ap_ctrl_hs | dense_resource<ap_fixed<16, 6, 5, 3, 0>, ap_fixed<16, 6, 5, 3, 0>, config6_mult> | return value |
|ap_return_0         | out |   16| ap_ctrl_hs | dense_resource<ap_fixed<16, 6, 5, 3, 0>, ap_fixed<16, 6, 5, 3, 0>, config6_mult> | return value |
|ap_return_1         | out |   16| ap_ctrl_hs | dense_resource<ap_fixed<16, 6, 5, 3, 0>, ap_fixed<16, 6, 5, 3, 0>, config6_mult> | return value |
|ap_return_2         | out |   16| ap_ctrl_hs | dense_resource<ap_fixed<16, 6, 5, 3, 0>, ap_fixed<16, 6, 5, 3, 0>, config6_mult> | return value |
|ap_return_3         | out |   16| ap_ctrl_hs | dense_resource<ap_fixed<16, 6, 5, 3, 0>, ap_fixed<16, 6, 5, 3, 0>, config6_mult> | return value |
|kernel_data_V_1_0   |  in |   16|   ap_none  |                                 kernel_data_V_1_0                                |    pointer   |
|kernel_data_V_1_1   |  in |   16|   ap_none  |                                 kernel_data_V_1_1                                |    pointer   |
|kernel_data_V_1_2   |  in |   16|   ap_none  |                                 kernel_data_V_1_2                                |    pointer   |
|kernel_data_V_1_3   |  in |   16|   ap_none  |                                 kernel_data_V_1_3                                |    pointer   |
|kernel_data_V_1_4   |  in |   16|   ap_none  |                                 kernel_data_V_1_4                                |    pointer   |
|kernel_data_V_1_5   |  in |   16|   ap_none  |                                 kernel_data_V_1_5                                |    pointer   |
|kernel_data_V_1_6   |  in |   16|   ap_none  |                                 kernel_data_V_1_6                                |    pointer   |
|kernel_data_V_1_7   |  in |   16|   ap_none  |                                 kernel_data_V_1_7                                |    pointer   |
|kernel_data_V_1_8   |  in |   16|   ap_none  |                                 kernel_data_V_1_8                                |    pointer   |
|kernel_data_V_1_9   |  in |   16|   ap_none  |                                 kernel_data_V_1_9                                |    pointer   |
|kernel_data_V_1_10  |  in |   16|   ap_none  |                                kernel_data_V_1_10                                |    pointer   |
|kernel_data_V_1_11  |  in |   16|   ap_none  |                                kernel_data_V_1_11                                |    pointer   |
|kernel_data_V_1_12  |  in |   16|   ap_none  |                                kernel_data_V_1_12                                |    pointer   |
|kernel_data_V_1_13  |  in |   16|   ap_none  |                                kernel_data_V_1_13                                |    pointer   |
|kernel_data_V_1_14  |  in |   16|   ap_none  |                                kernel_data_V_1_14                                |    pointer   |
|kernel_data_V_1_15  |  in |   16|   ap_none  |                                kernel_data_V_1_15                                |    pointer   |
|kernel_data_V_1_16  |  in |   16|   ap_none  |                                kernel_data_V_1_16                                |    pointer   |
|kernel_data_V_1_17  |  in |   16|   ap_none  |                                kernel_data_V_1_17                                |    pointer   |
|kernel_data_V_1_18  |  in |   16|   ap_none  |                                kernel_data_V_1_18                                |    pointer   |
|kernel_data_V_1_19  |  in |   16|   ap_none  |                                kernel_data_V_1_19                                |    pointer   |
|kernel_data_V_1_20  |  in |   16|   ap_none  |                                kernel_data_V_1_20                                |    pointer   |
|kernel_data_V_1_21  |  in |   16|   ap_none  |                                kernel_data_V_1_21                                |    pointer   |
|kernel_data_V_1_22  |  in |   16|   ap_none  |                                kernel_data_V_1_22                                |    pointer   |
|kernel_data_V_1_23  |  in |   16|   ap_none  |                                kernel_data_V_1_23                                |    pointer   |
|kernel_data_V_1_24  |  in |   16|   ap_none  |                                kernel_data_V_1_24                                |    pointer   |
|kernel_data_V_1_25  |  in |   16|   ap_none  |                                kernel_data_V_1_25                                |    pointer   |
|kernel_data_V_1_26  |  in |   16|   ap_none  |                                kernel_data_V_1_26                                |    pointer   |
|kernel_data_V_1_27  |  in |   16|   ap_none  |                                kernel_data_V_1_27                                |    pointer   |
|kernel_data_V_1_28  |  in |   16|   ap_none  |                                kernel_data_V_1_28                                |    pointer   |
|kernel_data_V_1_29  |  in |   16|   ap_none  |                                kernel_data_V_1_29                                |    pointer   |
|kernel_data_V_1_30  |  in |   16|   ap_none  |                                kernel_data_V_1_30                                |    pointer   |
|kernel_data_V_1_31  |  in |   16|   ap_none  |                                kernel_data_V_1_31                                |    pointer   |
|kernel_data_V_1_32  |  in |   16|   ap_none  |                                kernel_data_V_1_32                                |    pointer   |
|kernel_data_V_1_33  |  in |   16|   ap_none  |                                kernel_data_V_1_33                                |    pointer   |
|kernel_data_V_1_34  |  in |   16|   ap_none  |                                kernel_data_V_1_34                                |    pointer   |
|kernel_data_V_1_35  |  in |   16|   ap_none  |                                kernel_data_V_1_35                                |    pointer   |
+--------------------+-----+-----+------------+----------------------------------------------------------------------------------+--------------+

