

================================================================
== Vivado HLS Report for 'reduce_ap_fixed_18_8_0_0_0_5_Op_add_ap_fixed_18_8_0_0_0_s'
================================================================
* Date:           Tue Apr  9 23:32:21 2024

* Version:        2019.2 (Build 2704478 on Wed Nov 06 22:10:23 MST 2019)
* Project:        myproject_prj
* Solution:       solution1
* Product family: zynq
* Target device:  xc7z020-clg400-1


================================================================
== Performance Estimates
================================================================
+ Timing: 
    * Summary: 
    +--------+---------+----------+------------+
    |  Clock |  Target | Estimated| Uncertainty|
    +--------+---------+----------+------------+
    |ap_clk  | 5.00 ns | 4.092 ns |   0.62 ns  |
    +--------+---------+----------+------------+

+ Latency: 
    * Summary: 
    +---------+---------+-----------+-----------+-----+-----+----------+
    |  Latency (cycles) |   Latency (absolute)  |  Interval | Pipeline |
    |   min   |   max   |    min    |    max    | min | max |   Type   |
    +---------+---------+-----------+-----------+-----+-----+----------+
    |        2|        2| 10.000 ns | 10.000 ns |    3|    3| function |
    +---------+---------+-----------+-----------+-----+-----+----------+

    + Detail: 
        * Instance: 
        N/A

        * Loop: 
        N/A



================================================================
== Utilization Estimates
================================================================
* Summary: 
+-----------------+---------+-------+--------+-------+-----+
|       Name      | BRAM_18K| DSP48E|   FF   |  LUT  | URAM|
+-----------------+---------+-------+--------+-------+-----+
|DSP              |        -|      -|       -|      -|    -|
|Expression       |        -|      -|       0|    318|    -|
|FIFO             |        -|      -|       -|      -|    -|
|Instance         |        -|      -|       -|      -|    -|
|Memory           |        -|      -|       -|      -|    -|
|Multiplexer      |        -|      -|       -|     21|    -|
|Register         |        -|      -|      74|      -|    -|
+-----------------+---------+-------+--------+-------+-----+
|Total            |        0|      0|      74|    339|    0|
+-----------------+---------+-------+--------+-------+-----+
|Available        |      280|    220|  106400|  53200|    0|
+-----------------+---------+-------+--------+-------+-----+
|Utilization (%)  |        0|      0|   ~0   |   ~0  |    0|
+-----------------+---------+-------+--------+-------+-----+

+ Detail: 
    * Instance: 
    N/A

    * DSP48E: 
    N/A

    * Memory: 
    N/A

    * FIFO: 
    N/A

    * Expression: 
    +---------------------------+----------+-------+---+----+------------+------------+
    |       Variable Name       | Operation| DSP48E| FF| LUT| Bitwidth P0| Bitwidth P1|
    +---------------------------+----------+-------+---+----+------------+------------+
    |p_Val2_33_fu_64_p2         |     +    |      0|  0|  25|          18|          18|
    |p_Val2_37_fu_94_p2         |     +    |      0|  0|  25|          18|          18|
    |p_Val2_41_fu_136_p2        |     +    |      0|  0|  25|          18|          18|
    |p_Val2_45_fu_227_p2        |     +    |      0|  0|  25|          18|          18|
    |ret_V_2_fu_213_p2          |     +    |      0|  0|  26|          19|          19|
    |ret_V_fu_122_p2            |     +    |      0|  0|  26|          19|          19|
    |underflow_2_fu_246_p2      |    and   |      0|  0|   2|           1|           1|
    |underflow_fu_154_p2        |    and   |      0|  0|   2|           1|           1|
    |or_ln340_15_fu_264_p2      |    or    |      0|  0|   2|           1|           1|
    |or_ln340_fu_172_p2         |    or    |      0|  0|   2|           1|           1|
    |ap_return                  |  select  |      0|  0|  18|           1|          18|
    |p_Val2_38_fu_78_p3         |  select  |      0|  0|  18|           1|          17|
    |p_Val2_39_fu_108_p3        |  select  |      0|  0|  18|           1|          17|
    |p_Val2_42_fu_194_p3        |  select  |      0|  0|  18|           1|          18|
    |select_ln340_13_fu_270_p3  |  select  |      0|  0|  18|           1|          17|
    |select_ln340_fu_178_p3     |  select  |      0|  0|  18|           1|          17|
    |select_ln388_13_fu_278_p3  |  select  |      0|  0|  19|           1|          19|
    |select_ln388_fu_186_p3     |  select  |      0|  0|  19|           1|          19|
    |xor_ln340_13_fu_258_p2     |    xor   |      0|  0|   2|           1|           2|
    |xor_ln340_30_fu_160_p2     |    xor   |      0|  0|   2|           1|           1|
    |xor_ln340_31_fu_252_p2     |    xor   |      0|  0|   2|           1|           1|
    |xor_ln340_fu_166_p2        |    xor   |      0|  0|   2|           1|           2|
    |xor_ln786_13_fu_240_p2     |    xor   |      0|  0|   2|           1|           2|
    |xor_ln786_fu_148_p2        |    xor   |      0|  0|   2|           1|           2|
    +---------------------------+----------+-------+---+----+------------+------------+
    |Total                      |          |      0|  0| 318|         128|         266|
    +---------------------------+----------+-------+---+----+------------+------------+

    * Multiplexer: 
    +-----------+----+-----------+-----+-----------+
    |    Name   | LUT| Input Size| Bits| Total Bits|
    +-----------+----+-----------+-----+-----------+
    |ap_NS_fsm  |  21|          4|    1|          4|
    +-----------+----+-----------+-----+-----------+
    |Total      |  21|          4|    1|          4|
    +-----------+----+-----------+-----+-----------+

    * Register: 
    +--------------------+----+----+-----+-----------+
    |        Name        | FF | LUT| Bits| Const Bits|
    +--------------------+----+----+-----+-----------+
    |ap_CS_fsm           |   3|   0|    3|          0|
    |ap_port_reg_x_12_V  |  17|   0|   17|          0|
    |p_Val2_38_reg_294   |  18|   0|   18|          0|
    |p_Val2_39_reg_300   |  18|   0|   18|          0|
    |p_Val2_42_reg_306   |  18|   0|   18|          0|
    +--------------------+----+----+-----+-----------+
    |Total               |  74|   0|   74|          0|
    +--------------------+----+----+-----+-----------+



================================================================
== Interface
================================================================
* Summary: 
+-----------+-----+-----+------------+-------------------------------------------------------------------------+--------------+
| RTL Ports | Dir | Bits|  Protocol  |                              Source Object                              |    C Type    |
+-----------+-----+-----+------------+-------------------------------------------------------------------------+--------------+
|ap_clk     |  in |    1| ap_ctrl_hs | reduce<ap_fixed<18, 8, 0, 0, 0>, 5, Op_add<ap_fixed<18, 8, 0, 0, 0> > > | return value |
|ap_rst     |  in |    1| ap_ctrl_hs | reduce<ap_fixed<18, 8, 0, 0, 0>, 5, Op_add<ap_fixed<18, 8, 0, 0, 0> > > | return value |
|ap_start   |  in |    1| ap_ctrl_hs | reduce<ap_fixed<18, 8, 0, 0, 0>, 5, Op_add<ap_fixed<18, 8, 0, 0, 0> > > | return value |
|ap_done    | out |    1| ap_ctrl_hs | reduce<ap_fixed<18, 8, 0, 0, 0>, 5, Op_add<ap_fixed<18, 8, 0, 0, 0> > > | return value |
|ap_idle    | out |    1| ap_ctrl_hs | reduce<ap_fixed<18, 8, 0, 0, 0>, 5, Op_add<ap_fixed<18, 8, 0, 0, 0> > > | return value |
|ap_ready   | out |    1| ap_ctrl_hs | reduce<ap_fixed<18, 8, 0, 0, 0>, 5, Op_add<ap_fixed<18, 8, 0, 0, 0> > > | return value |
|ap_return  | out |   18| ap_ctrl_hs | reduce<ap_fixed<18, 8, 0, 0, 0>, 5, Op_add<ap_fixed<18, 8, 0, 0, 0> > > | return value |
|ap_ce      |  in |    1| ap_ctrl_hs | reduce<ap_fixed<18, 8, 0, 0, 0>, 5, Op_add<ap_fixed<18, 8, 0, 0, 0> > > | return value |
|x_8_V      |  in |   17|   ap_none  |                                  x_8_V                                  |    pointer   |
|x_9_V      |  in |   17|   ap_none  |                                  x_9_V                                  |    pointer   |
|x_10_V     |  in |   17|   ap_none  |                                  x_10_V                                 |    pointer   |
|x_11_V     |  in |   17|   ap_none  |                                  x_11_V                                 |    pointer   |
|x_12_V     |  in |   17|   ap_none  |                                  x_12_V                                 |    pointer   |
+-----------+-----+-----+------------+-------------------------------------------------------------------------+--------------+

